###############################################################################
#
# IAR ELF Linker V3.11.1.207 for STM8                     16/Jul/2020  15:09:50
# Copyright 2010-2019 IAR Systems AB.
#
#    Output file  =  
#        H:\SiShengShiyanJidi\STM8S005K6_SHZH\stm8s005_template\EWARM\Debug\Exe\stm8s005_template.out
#    Map file     =  
#        H:\SiShengShiyanJidi\STM8S005K6_SHZH\stm8s005_template\EWARM\Debug\List\stm8s005_template.map
#    Command line =  
#        -f C:\Users\sunxi\AppData\Local\Temp\EW9F79.tmp
#        (H:\SiShengShiyanJidi\STM8S005K6_SHZH\stm8s005_template\EWARM\Debug\Obj\adc.o
#        H:\SiShengShiyanJidi\STM8S005K6_SHZH\stm8s005_template\EWARM\Debug\Obj\bluetooth.o
#        H:\SiShengShiyanJidi\STM8S005K6_SHZH\stm8s005_template\EWARM\Debug\Obj\device_info.o
#        H:\SiShengShiyanJidi\STM8S005K6_SHZH\stm8s005_template\EWARM\Debug\Obj\dl645.o
#        H:\SiShengShiyanJidi\STM8S005K6_SHZH\stm8s005_template\EWARM\Debug\Obj\hall.o
#        H:\SiShengShiyanJidi\STM8S005K6_SHZH\stm8s005_template\EWARM\Debug\Obj\ht7017.o
#        H:\SiShengShiyanJidi\STM8S005K6_SHZH\stm8s005_template\EWARM\Debug\Obj\i2c.o
#        H:\SiShengShiyanJidi\STM8S005K6_SHZH\stm8s005_template\EWARM\Debug\Obj\iwatchdog.o
#        H:\SiShengShiyanJidi\STM8S005K6_SHZH\stm8s005_template\EWARM\Debug\Obj\key.o
#        H:\SiShengShiyanJidi\STM8S005K6_SHZH\stm8s005_template\EWARM\Debug\Obj\led.o
#        H:\SiShengShiyanJidi\STM8S005K6_SHZH\stm8s005_template\EWARM\Debug\Obj\lowpower.o
#        H:\SiShengShiyanJidi\STM8S005K6_SHZH\stm8s005_template\EWARM\Debug\Obj\main.o
#        H:\SiShengShiyanJidi\STM8S005K6_SHZH\stm8s005_template\EWARM\Debug\Obj\motor.o
#        H:\SiShengShiyanJidi\STM8S005K6_SHZH\stm8s005_template\EWARM\Debug\Obj\rtc8025t.o
#        H:\SiShengShiyanJidi\STM8S005K6_SHZH\stm8s005_template\EWARM\Debug\Obj\spi.o
#        H:\SiShengShiyanJidi\STM8S005K6_SHZH\stm8s005_template\EWARM\Debug\Obj\stm8s_adc1.o
#        H:\SiShengShiyanJidi\STM8S005K6_SHZH\stm8s005_template\EWARM\Debug\Obj\stm8s_awu.o
#        H:\SiShengShiyanJidi\STM8S005K6_SHZH\stm8s005_template\EWARM\Debug\Obj\stm8s_beep.o
#        H:\SiShengShiyanJidi\STM8S005K6_SHZH\stm8s005_template\EWARM\Debug\Obj\stm8s_clk.o
#        H:\SiShengShiyanJidi\STM8S005K6_SHZH\stm8s005_template\EWARM\Debug\Obj\stm8s_exti.o
#        H:\SiShengShiyanJidi\STM8S005K6_SHZH\stm8s005_template\EWARM\Debug\Obj\stm8s_flash.o
#        H:\SiShengShiyanJidi\STM8S005K6_SHZH\stm8s005_template\EWARM\Debug\Obj\stm8s_gpio.o
#        H:\SiShengShiyanJidi\STM8S005K6_SHZH\stm8s005_template\EWARM\Debug\Obj\stm8s_i2c.o
#        H:\SiShengShiyanJidi\STM8S005K6_SHZH\stm8s005_template\EWARM\Debug\Obj\stm8s_it.o
#        H:\SiShengShiyanJidi\STM8S005K6_SHZH\stm8s005_template\EWARM\Debug\Obj\stm8s_itc.o
#        H:\SiShengShiyanJidi\STM8S005K6_SHZH\stm8s005_template\EWARM\Debug\Obj\stm8s_iwdg.o
#        H:\SiShengShiyanJidi\STM8S005K6_SHZH\stm8s005_template\EWARM\Debug\Obj\stm8s_rst.o
#        H:\SiShengShiyanJidi\STM8S005K6_SHZH\stm8s005_template\EWARM\Debug\Obj\stm8s_spi.o
#        H:\SiShengShiyanJidi\STM8S005K6_SHZH\stm8s005_template\EWARM\Debug\Obj\stm8s_tim1.o
#        H:\SiShengShiyanJidi\STM8S005K6_SHZH\stm8s005_template\EWARM\Debug\Obj\stm8s_tim2.o
#        H:\SiShengShiyanJidi\STM8S005K6_SHZH\stm8s005_template\EWARM\Debug\Obj\stm8s_tim3.o
#        H:\SiShengShiyanJidi\STM8S005K6_SHZH\stm8s005_template\EWARM\Debug\Obj\stm8s_tim4.o
#        H:\SiShengShiyanJidi\STM8S005K6_SHZH\stm8s005_template\EWARM\Debug\Obj\stm8s_uart2.o
#        H:\SiShengShiyanJidi\STM8S005K6_SHZH\stm8s005_template\EWARM\Debug\Obj\stm8s_wwdg.o
#        H:\SiShengShiyanJidi\STM8S005K6_SHZH\stm8s005_template\EWARM\Debug\Obj\tim4.o
#        H:\SiShengShiyanJidi\STM8S005K6_SHZH\stm8s005_template\EWARM\Debug\Obj\uart2.o
#        --no_out_extension -o
#        H:\SiShengShiyanJidi\STM8S005K6_SHZH\stm8s005_template\EWARM\Debug\Exe\stm8s005_template.out
#        --map
#        H:\SiShengShiyanJidi\STM8S005K6_SHZH\stm8s005_template\EWARM\Debug\List\stm8s005_template.map
#        --config "C:\Program Files (x86)\IAR Systems\Embedded Workbench
#        8.3\stm8\config\lnkstm8s005k6.icf" --config_def _CSTACK_SIZE=0x200
#        --config_def _HEAP_SIZE=0x100 --entry __iar_program_start --debug_lib)
#
###############################################################################

*******************************************************************************
*** RUNTIME MODEL ATTRIBUTES
***

__Heap_Handler             = Basic
__SystemLibrary            = DLib
__code_model               = medium_or_large
__core                     = stm8
__data_model               = medium
__dlib_file_descriptor     = 1
__dlib_full_locale_support = 1
__rt_version               = 4


*******************************************************************************
*** PLACEMENT SUMMARY
***

"A0":  place at start of [0x000000-0x0000ff] { rw section .vregs };
"A1":  place at end of [0x000000-0x0007ff] { block CSTACK };
"P2":  place in [from 0x000000 to 0x0007ff] {
          block HEAP, rw section __DLIB_PERTHREAD, rw section .far.bss,
          rw section .far.data, rw section .far.noinit,
          rw section .far_func.textrw, rw section .huge.bss,
          rw section .huge.data, rw section .huge.noinit,
          rw section .huge_func.textrw, rw section .iar.dynexit,
          rw section .near.bss, rw section .near.data, rw section .near.noinit,
          rw section .near_func.textrw };
"A2":  place at start of [0x008000-0x00ffff] { block INTVEC };
"P3":  place in [from 0x008000 to 0x00ffff] {
          ro section __DLIB_PERTHREAD_init, ro section .far.data_init,
          ro section .far_func.textrw_init, ro section .huge.data_init,
          ro section .huge_func.textrw_init, ro section .iar.init_table,
          ro section .init_array, ro section .near.data_init,
          ro section .near.rodata, ro section .near_func.text,
          ro section .near_func.textrw_init, ro section .tiny.data_init,
          ro section .tiny.rodata_init };
"P4":  place in [from 0x008000 to 0x00ffff] {
          ro section .far.rodata, ro section .far_func.text };
"P5":  place in [from 0x008000 to 0x00ffff] {
          ro section .huge.rodata, ro section .huge_func.text };
do not initialize {
   rw section .eeprom.noinit, rw section .far.noinit, rw section .huge.noinit,
   rw section .near.noinit, rw section .tiny.noinit, rw section .vregs };
initialize by copy {
   rw section .far.bss, rw section .far.data, rw section .far_func.textrw,
   rw section .huge.bss, rw section .huge.data, rw section .huge_func.textrw,
   rw section .iar.dynexit, rw section .near.bss, rw section .near.data,
   rw section .near_func.textrw, rw section .tiny.bss, rw section .tiny.data,
   ro section .tiny.rodata };

No sections matched the following patterns:

  ro section .far.data_init          in "P3-P5"
  ro section .far.rodata             in "P3-P5"
  ro section .far_func.textrw_init   in "P3-P5"
  ro section .huge.data_init         in "P3-P5"
  ro section .huge.rodata            in "P3-P5"
  ro section .huge_func.text         in "P3-P5"
  ro section .huge_func.textrw_init  in "P3-P5"
  ro section .iar.init_table         in "P3-P5"
  ro section .init_array             in "P3-P5"
  ro section .near_func.text         in "P3-P5"
  ro section .near_func.textrw_init  in "P3-P5"
  ro section .tiny.data_init         in "P3-P5"
  ro section .tiny.rodata_init       in "P3-P5"
  ro section __DLIB_PERTHREAD_init   in "P3-P5"
  rw section .far.bss                in "P2"
  rw section .far.data               in "P2"
  rw section .far.noinit             in "P2"
  rw section .far_func.textrw        in "P2"
  rw section .huge.bss               in "P2"
  rw section .huge.data              in "P2"
  rw section .huge.noinit            in "P2"
  rw section .huge_func.textrw       in "P2"
  rw section .iar.dynexit            in "P2"
  rw section .near.noinit            in "P2"
  rw section .near_func.textrw       in "P2"
  rw section .tiny.bss               in "P1"
  rw section .tiny.data              in "P1"
  rw section .tiny.noinit            in "P1"
  rw section .tiny.rodata            in "P1"
  rw section __DLIB_PERTHREAD        in "P2"
  section .eeprom.data               in "P6-P8"
  section .eeprom.noinit             in "P6-P8"
  section .eeprom.rodata             in "P6-P8"


  Section            Kind      Address    Size  Object
  -------            ----      -------    ----  ------
"A0":                                     0x10
  .vregs             uninit   0x000000    0x10  vregs.o [4]
                            - 0x000010    0x10

"P2", part 1 of 2:                        0x30
  P2-1                        0x000010    0x30  <Init block>
    .near.data       inited   0x000010     0x1  key.o [1]
    .near.data       inited   0x000011     0x1  key.o [1]
    .near.data       inited   0x000012     0x1  key.o [1]
    .near.data       inited   0x000013     0x5  uart2.o [1]
    .near.data       inited   0x000018    0x28  xfiles.o [4]
                            - 0x000040    0x30

"P2", part 2 of 2:                        0xb3
  .near.bss          zero     0x000040    0x50  xfiles.o [4]
  .near.bss          zero     0x000090    0x3a  dl645.o [1]
  .near.bss          zero     0x0000ca     0xf  device_info.o [1]
  .near.bss          zero     0x0000d9     0x9  uart2.o [1]
  .near.bss          zero     0x0000e2     0x4  tim4.o [1]
  .near.bss          zero     0x0000e6     0x2  dl645.o [1]
  .near.bss          zero     0x0000e8     0x2  dl645.o [1]
  .near.bss          zero     0x0000ea     0x2  led.o [1]
  .near.bss          zero     0x0000ec     0x2  motor.o [1]
  .near.bss          zero     0x0000ee     0x2  uart2.o [1]
  .near.bss          zero     0x0000f0     0x1  bluetooth.o [1]
  .near.bss          zero     0x0000f1     0x1  motor.o [1]
  .near.bss          zero     0x0000f2     0x1  stm8s_it.o [1]
                            - 0x0000f3    0xb3

"A1":                                    0x200
  CSTACK                      0x000600   0x200  <Block>
    CSTACK           uninit   0x000600   0x200  <Block tail>
                            - 0x000800   0x200

"A2":                                     0x80
  INTVEC                      0x008000    0x80  <Block>
    .intvec          const    0x008000    0x80  interrupt.o [4]
                            - 0x008080    0x80

"P3-P5":                                0x2cc6
  .far_func.text     ro code  0x008080   0x40b  xprintfsmall_nomb.o [4]
  .far_func.text     ro code  0x00848b   0x253  stm8s_uart2.o [1]
  .far_func.text     ro code  0x0086de   0x190  long.o [4]
  .far_func.text     ro code  0x00886e   0x183  vreg_util.o [4]
  .far_func.text     ro code  0x0089f1   0x181  xprintfsmall_nomb.o [4]
  .far_func.text     ro code  0x008b72   0x13c  uart2.o [1]
  .far_func.text     ro code  0x008cae   0x11d  dl645.o [1]
  .far_func.text     ro code  0x008dcb   0x112  dl645.o [1]
  .far_func.text     ro code  0x008edd   0x112  stm8s_gpio.o [1]
  .far_func.text     ro code  0x008fef   0x111  stm8s_uart2.o [1]
  .far_func.text     ro code  0x009100    0xf9  stm8s_uart2.o [1]
  .far_func.text     ro code  0x0091f9    0xdd  stm8s_uart2.o [1]
  .far_func.text     ro code  0x0092d6    0xc2  dl645.o [1]
  .far_func.text     ro code  0x009398    0xbd  motor.o [1]
  .far_func.text     ro code  0x009455    0x9e  rtc8025t.o [1]
  .far_func.text     ro code  0x0094f3    0x96  device_info.o [1]
  .far_func.text     ro code  0x009589    0x96  dl645.o [1]
  .far_func.text     ro code  0x00961f    0x94  bluetooth.o [1]
  .far_func.text     ro code  0x0096b3    0x89  rtc8025t.o [1]
  .far_func.text     ro code  0x00973c    0x87  bluetooth.o [1]
  .far_func.text     ro code  0x0097c3    0x84  stm8s_clk.o [1]
  .far_func.text     ro code  0x009847    0x7f  dl645.o [1]
  .far_func.text     ro code  0x0098c6    0x7e  dl645.o [1]
  .far_func.text     ro code  0x009944    0x78  i2c.o [1]
  .far_func.text     ro code  0x0099bc    0x63  stm8s_it.o [1]
  .far_func.text     ro code  0x009a1f    0x62  bluetooth.o [1]
  .far_func.text     ro code  0x009a81    0x62  main.o [1]
  .far_func.text     ro code  0x009ae3    0x60  stm8s_flash.o [1]
  .far_func.text     ro code  0x009b43    0x60  strstr.o [4]
  .far_func.text     ro code  0x009ba3    0x5f  uart2.o [1]
  .far_func.text     ro code  0x009c02    0x58  dc_util.o [4]
  .far_func.text     ro code  0x009c5a    0x56  stm8s_flash.o [1]
  .far_func.text     ro code  0x009cb0    0x54  dl645.o [1]
  .far_func.text     ro code  0x009d04    0x54  stm8s_tim4.o [1]
  .far_func.text     ro code  0x009d58    0x52  stm8s_tim4.o [1]
  .far_func.text     ro code  0x009daa    0x51  i2c.o [1]
  .near.rodata       const    0x009dfb    0x4f  stm8s_flash.o [1]
  .near.rodata       const    0x009e4a    0x4f  stm8s_uart2.o [1]
  .far_func.text     ro code  0x009e99    0x4e  i2c.o [1]
  .near.rodata       const    0x009ee7    0x4e  stm8s_gpio.o [1]
  .near.rodata       const    0x009f35    0x4e  stm8s_tim4.o [1]
  .far_func.text     ro code  0x009f83    0x4d  uart2.o [1]
  .near.rodata       const    0x009fd0    0x4d  stm8s_clk.o [1]
  .far_func.text     ro code  0x00a01d    0x4c  stm8s_it.o [1]
  .far_func.text     ro code  0x00a069    0x4c  stm8s_uart2.o [1]
  .far_func.text     ro code  0x00a0b5    0x4b  device_info.o [1]
  .far_func.text     ro code  0x00a100    0x49  rtc8025t.o [1]
  .far_func.text     ro code  0x00a149    0x46  device_info.o [1]
  .far_func.text     ro code  0x00a18f    0x45  xprintfsmall_nomb.o [4]
  .far_func.text     ro code  0x00a1d4    0x44  sprintf.o [4]
  .far_func.text     ro code  0x00a218    0x41  i2c.o [1]
  .far_func.text     ro code  0x00a259    0x41  i2c.o [1]
  .far_func.text     ro code  0x00a29a    0x40  key.o [1]
  .far_func.text     ro code  0x00a2da    0x3e  stm8s_clk.o [1]
  .far_func.text     ro code  0x00a318    0x3e  long_util.o [4]
  .far_func.text     ro code  0x00a356    0x3e  xprintfsmall_nomb.o [4]
  .far_func.text     ro code  0x00a394    0x3d  xprintfsmall_nomb.o [4]
  .far_func.text     ro code  0x00a3d1    0x3c  stm8s_flash.o [1]
  .far_func.text     ro code  0x00a40d    0x36  stm8s_clk.o [1]
  .far_func.text     ro code  0x00a443    0x35  strncmp.o [4]
  .far_func.text     ro code  0x00a478    0x34  i2c.o [1]
  .far_func.text     ro code  0x00a4ac    0x34  uart2.o [1]
  .far_func.text     ro code  0x00a4e0    0x32  bluetooth.o [1]
  .far_func.text     ro code  0x00a512    0x32  bluetooth.o [1]
  .far_func.text     ro code  0x00a544    0x31  motor.o [1]
  .far_func.text     ro code  0x00a575    0x30  stm8s_tim4.o [1]
  .far_func.text     ro code  0x00a5a5    0x30  memcmp.o [4]
  Initializer bytes  const    0x00a5d5    0x30  <for P2-1>
  .far_func.text     ro code  0x00a605    0x2e  stm8s_flash.o [1]
  .far_func.text     ro code  0x00a633    0x2e  xprintfsmall_nomb.o [4]
  .near.rodata       const    0x00a661    0x2d  main.o [1]
  .far_func.text     ro code  0x00a68e    0x2c  i2c.o [1]
  .far_func.text     ro code  0x00a6ba    0x2c  stm8s_flash.o [1]
  .far_func.text     ro code  0x00a6e6    0x29  stm8s_uart2.o [1]
  .far_func.text     ro code  0x00a70f    0x28  dl645.o [1]
  .far_func.text     ro code  0x00a737    0x28  dl645.o [1]
  .far_func.text     ro code  0x00a75f    0x28  tim4.o [1]
  .far_func.text     ro code  0x00a787    0x28  tim4.o [1]
  .far_func.text     ro code  0x00a7af    0x28  uart2.o [1]
  .far_func.text     ro code  0x00a7d7    0x28  far_util.o [4]
  .far_func.text     ro code  0x00a7ff    0x28  init_small.o [4]
  .far_func.text     ro code  0x00a827    0x26  short.o [4]
  .near.rodata       const    0x00a84d    0x25  bluetooth.o [1]
  .far_func.text     ro code  0x00a872    0x24  key.o [1]
  .far_func.text     ro code  0x00a896    0x24  stm8s_tim4.o [1]
  .far_func.text     ro code  0x00a8ba    0x24  stm8s_tim4.o [1]
  .far_func.text     ro code  0x00a8de    0x24  printf.o [4]
  .far_func.text     ro code  0x00a902    0x22  i2c.o [1]
  .far_func.text     ro code  0x00a924    0x21  main.o [1]
  .far_func.text     ro code  0x00a945    0x21  tim4.o [1]
  .far_func.text     ro code  0x00a966    0x21  memchr.o [4]
  .iar.init_table    const    0x00a987    0x14  - Linker created -
  .far_func.text     ro code  0x00a99b    0x20  motor.o [1]
  .far_func.text     ro code  0x00a9bb    0x20  uart2.o [1]
  .far_func.text     ro code  0x00a9db    0x1f  xprout.o [4]
  .far_func.text     ro code  0x00a9fa    0x1e  init.o [4]
  .far_func.text     ro code  0x00aa18    0x1e  init_small.o [4]
  .far_func.text     ro code  0x00aa36    0x1d  led.o [1]
  .far_func.text     ro code  0x00aa53    0x1d  motor.o [1]
  .far_func.text     ro code  0x00aa70    0x1c  motor.o [1]
  .far_func.text     ro code  0x00aa8c    0x1c  motor.o [1]
  .far_func.text     ro code  0x00aaa8    0x1b  hall.o [1]
  .near.rodata       const    0x00aac3    0x1b  bluetooth.o [1]
  .far_func.text     ro code  0x00aade    0x17  led.o [1]
  .far_func.text     ro code  0x00aaf5    0x17  cstartup.o [4]
  .far_func.text     ro code  0x00ab0c    0x16  bluetooth.o [1]
  .far_func.text     ro code  0x00ab22    0x16  i2c.o [1]
  .far_func.text     ro code  0x00ab38    0x16  memset.o [4]
  .far_func.text     ro code  0x00ab4e    0x16  __dbg_xxexit.o [3]
  .far_func.text     ro code  0x00ab64    0x15  i2c.o [1]
  .far_func.text     ro code  0x00ab79    0x15  xprintfsmall_nomb.o [4]
  .far_func.text     ro code  0x00ab8e    0x15  strchr.o [4]
  .near.rodata       const    0x00aba3    0x13  uart2.o [1]
  .far_func.text     ro code  0x00abb6     0xe  key.o [1]
  .far_func.text     ro code  0x00abc4     0xe  stm8s_uart2.o [1]
  .near.rodata       const    0x00abd2     0xe  key.o [1]
  .near.rodata       const    0x00abe0     0xe  key.o [1]
  .near.rodata       const    0x00abee     0xe  uart2.o [1]
  .near.rodata       const    0x00abfc     0xe  uart2.o [1]
  .far_func.text     ro code  0x00ac0a     0xd  strlen.o [4]
  .far_func.text     ro code  0x00ac17     0xc  xprintfsmall_nomb.o [4]
  .near.rodata       const    0x00ac23     0xc  bluetooth.o [1]
  .far_func.text     ro code  0x00ac2f     0xb  main.o [1]
  .far_func.text     ro code  0x00ac3a     0xb  xsprout.o [4]
  .far_func.text     ro code  0x00ac45     0xb  xprintfsmall_nomb.o [4]
  .near.rodata       const    0x00ac50     0xb  bluetooth.o [1]
  .far_func.text     ro code  0x00ac5b     0xa  i2c.o [1]
  .far_func.text     ro code  0x00ac65     0xa  led.o [1]
  .far_func.text     ro code  0x00ac6f     0xa  main.o [1]
  .near.rodata       const    0x00ac79     0xa  bluetooth.o [1]
  .near.rodata       const    0x00ac83     0xa  bluetooth.o [1]
  .near.rodata       const    0x00ac8d     0xa  bluetooth.o [1]
  .near.rodata       const    0x00ac97     0xa  uart2.o [1]
  .near.rodata       const    0x00aca1     0xa  uart2.o [1]
  .near.rodata       const    0x00acab     0xa  uart2.o [1]
  .near.rodata       const    0x00acb5     0xa  uart2.o [1]
  .near.rodata       const    0x00acbf     0x9  bluetooth.o [1]
  .far_func.text     ro code  0x00acc8     0x8  stm8s_gpio.o [1]
  .far_func.text     ro code  0x00acd0     0x8  putchar.o [4]
  .far_func.text     ro code  0x00acd8     0x8  xprintfsmall_nomb.o [4]
  .far_func.text     ro code  0x00ace0     0x7  stm8s_gpio.o [1]
  .far_func.text     ro code  0x00ace7     0x7  stm8s_gpio.o [1]
  .far_func.text     ro code  0x00acee     0x7  stm8s_gpio.o [1]
  .near.rodata       const    0x00acf5     0x7  xprintfsmall_nomb.o [4]
  .far_func.text     ro code  0x00acfc     0x6  device_info.o [1]
  .far_func.text     ro code  0x00ad02     0x6  cexit.o [4]
  .far_func.text     ro code  0x00ad08     0x6  xprintfsmall_nomb.o [4]
  .near.rodata       const    0x00ad0e     0x6  uart2.o [1]
  .far_func.text     ro code  0x00ad14     0x4  stm8s_uart2.o [1]
  .far_func.text     ro code  0x00ad18     0x4  stm8s_uart2.o [1]
  .far_func.text     ro code  0x00ad1c     0x4  interrupt.o [4]
  .far_func.text     ro code  0x00ad20     0x4  exit.o [4]
  .near.rodata       const    0x00ad24     0x4  stm8s_clk.o [1]
  .far_func.text     ro code  0x00ad28     0x3  low_level_init.o [4]
  .far_func.text     ro code  0x00ad2b     0x3  unhandled_exception.o [4]
  .near.rodata       const    0x00ad2e     0x3  bluetooth.o [1]
  .far_func.text     ro code  0x00ad31     0x1  stm8s_it.o [1]
  .far_func.text     ro code  0x00ad32     0x1  stm8s_it.o [1]
  .far_func.text     ro code  0x00ad33     0x1  stm8s_it.o [1]
  .far_func.text     ro code  0x00ad34     0x1  stm8s_it.o [1]
  .far_func.text     ro code  0x00ad35     0x1  stm8s_it.o [1]
  .far_func.text     ro code  0x00ad36     0x1  stm8s_it.o [1]
  .far_func.text     ro code  0x00ad37     0x1  stm8s_it.o [1]
  .far_func.text     ro code  0x00ad38     0x1  stm8s_it.o [1]
  .far_func.text     ro code  0x00ad39     0x1  stm8s_it.o [1]
  .far_func.text     ro code  0x00ad3a     0x1  stm8s_it.o [1]
  .far_func.text     ro code  0x00ad3b     0x1  stm8s_it.o [1]
  .far_func.text     ro code  0x00ad3c     0x1  stm8s_it.o [1]
  .far_func.text     ro code  0x00ad3d     0x1  stm8s_it.o [1]
  .far_func.text     ro code  0x00ad3e     0x1  stm8s_it.o [1]
  .far_func.text     ro code  0x00ad3f     0x1  stm8s_it.o [1]
  .far_func.text     ro code  0x00ad40     0x1  stm8s_it.o [1]
  .far_func.text     ro code  0x00ad41     0x1  stm8s_it.o [1]
  .far_func.text     ro code  0x00ad42     0x1  stm8s_it.o [1]
  .far_func.text     ro code  0x00ad43     0x1  stm8s_it.o [1]
  .far_func.text     ro code  0x00ad44     0x1  stm8s_it.o [1]
  .far_func.text     ro code  0x00ad45     0x1  __dbg_break.o [3]
                            - 0x00ad46  0x2cc6


*******************************************************************************
*** INIT TABLE
***

          Address   Size
          -------   ----
Zero (__iar_zero_init2)
    1 destination range, total size 0xb3:
          0x000040  0xb3

Copy (__iar_copy_init2)
    1 source range, total size 0x30:
          0x00a5d5  0x30
    1 destination range, total size 0x30:
          0x000010  0x30



*******************************************************************************
*** MODULE SUMMARY
***

    Module                 ro code  ro data  rw data
    ------                 -------  -------  -------
H:\SiShengShiyanJidi\STM8S005K6_SHZH\stm8s005_template\EWARM\Debug\Obj: [1]
    bluetooth.o                503      129        1
    device_info.o              301                15
    dl645.o                  1 320                62
    hall.o                      27
    i2c.o                      592
    key.o                      114       31        3
    led.o                       62                 2
    main.o                     152       45
    motor.o                    355                 3
    rtc8025t.o                 368
    stm8s_clk.o                248       81
    stm8s_flash.o              332       79
    stm8s_gpio.o               303       78
    stm8s_it.o                 195                 1
    stm8s_tim4.o               286       78
    stm8s_uart2.o            1 477       79
    tim4.o                     113                 4
    uart2.o                    612       98       16
    ------------------------------------------------
    Total:                   7 360      698      107

command line: [2]
    ------------------------------------------------
    Total:

dbgstm8mmd.a: [3]
    __dbg_break.o                1
    __dbg_xxexit.o              22
    ------------------------------------------------
    Total:                      23

dlstm8mmf.a: [4]
    cexit.o                      6
    cstartup.o                  23
    dc_util.o                   88
    exit.o                       4
    far_util.o                  40
    init.o                      30
    init_small.o                70
    interrupt.o                  4      128
    long.o                     400
    long_util.o                 62
    low_level_init.o             3
    memchr.o                    33
    memcmp.o                    48
    memset.o                    22
    printf.o                    36
    putchar.o                    8
    short.o                     38
    sprintf.o                   68
    strchr.o                    21
    strlen.o                    13
    strncmp.o                   53
    strstr.o                    96
    unhandled_exception.o        3
    vreg_util.o                387
    vregs.o                                       16
    xfiles.o                             40      120
    xprintfsmall_nomb.o      1 716        7
    xprout.o                    31
    xsprout.o                   11
    ------------------------------------------------
    Total:                   3 314      175      136

    Linker created                       20      512
----------------------------------------------------
    Grand Total:            10 697      893      755


*******************************************************************************
*** ENTRY LIST
***

Entry                    Address   Size  Type      Object
-----                    -------   ----  ----      ------
.iar.init_table$$Base   0x00a987          --   Gb  - Linker created -
.iar.init_table$$Limit  0x00a99b          --   Gb  - Linker created -
?and32_l0_l0_0x         0x00882d         Code  Gb  long.o [4]
?and32_l0_l0_l1         0x00882a         Code  Gb  long.o [4]
?b0                     0x000000         Data  Gb  vregs.o [4]
?b1                     0x000001         Data  Gb  vregs.o [4]
?b10                    0x00000a         Data  Gb  vregs.o [4]
?b11                    0x00000b         Data  Gb  vregs.o [4]
?b12                    0x00000c         Data  Gb  vregs.o [4]
?b13                    0x00000d         Data  Gb  vregs.o [4]
?b14                    0x00000e         Data  Gb  vregs.o [4]
?b15                    0x00000f         Data  Gb  vregs.o [4]
?b2                     0x000002         Data  Gb  vregs.o [4]
?b3                     0x000003         Data  Gb  vregs.o [4]
?b4                     0x000004         Data  Gb  vregs.o [4]
?b5                     0x000005         Data  Gb  vregs.o [4]
?b6                     0x000006         Data  Gb  vregs.o [4]
?b7                     0x000007         Data  Gb  vregs.o [4]
?b8                     0x000008         Data  Gb  vregs.o [4]
?b9                     0x000009         Data  Gb  vregs.o [4]
?dc32_l0                0x009c02         Code  Gb  dc_util.o [4]
?dc32_l1                0x009c2e         Code  Gb  dc_util.o [4]
?dec32_0x_0x            0x008706         Code  Gb  long.o [4]
?dec32_l0_l0            0x008701         Code  Gb  long.o [4]
?e0                     0x000001         Data  Gb  vregs.o [4]
?e1                     0x000005         Data  Gb  vregs.o [4]
?e2                     0x000009         Data  Gb  vregs.o [4]
?e3                     0x00000d         Data  Gb  vregs.o [4]
?epilogue_l2            0x00897a         Code  Gb  vreg_util.o [4]
?epilogue_l2_l3         0x008976         Code  Gb  vreg_util.o [4]
?epilogue_l2_w6         0x00897f         Code  Gb  vreg_util.o [4]
?epilogue_w4            0x008988         Code  Gb  vreg_util.o [4]
?inc32_0x_0x            0x0086f3         Code  Gb  long.o [4]
?inc32_l2_l2            0x0086ee         Code  Gb  long.o [4]
?l0                     0x000000         Data  Gb  vregs.o [4]
?l1                     0x000004         Data  Gb  vregs.o [4]
?l2                     0x000008         Data  Gb  vregs.o [4]
?l3                     0x00000c         Data  Gb  vregs.o [4]
?load24_e0_0x           0x00a7e3         Code  Gb  far_util.o [4]
?load24_e0_asp          0x00a7d7         Code  Gb  far_util.o [4]
?load24_e0_xsp          0x00a7d9         Code  Gb  far_util.o [4]
?load24_e1_0x           0x00a7f1         Code  Gb  far_util.o [4]
?load32_0x_l0           0x00a348         Code  Gb  long_util.o [4]
?load32_l0_0x           0x00a332         Code  Gb  long_util.o [4]
?load32_l0_asp          0x00a326         Code  Gb  long_util.o [4]
?load32_l0_dbsp         0x00a318         Code  Gb  long_util.o [4]
?load32_l0_xsp          0x00a328         Code  Gb  long_util.o [4]
?load32_xsp_l0          0x00a33e         Code  Gb  long_util.o [4]
?mov_e0_e2              0x0089b3         Code  Gb  vreg_util.o [4]
?mov_e0_e3              0x0089c0         Code  Gb  vreg_util.o [4]
?mov_e1_e0              0x0089cd         Code  Gb  vreg_util.o [4]
?mov_e2_e0              0x0089da         Code  Gb  vreg_util.o [4]
?mov_e3_e0              0x0089e7         Code  Gb  vreg_util.o [4]
?mov_l0_l2              0x0089b0         Code  Gb  vreg_util.o [4]
?mov_l0_l3              0x0089bd         Code  Gb  vreg_util.o [4]
?mov_l1_l0              0x0089ca         Code  Gb  vreg_util.o [4]
?mov_l2_l0              0x0089d7         Code  Gb  vreg_util.o [4]
?mov_l3_l0              0x0089e4         Code  Gb  vreg_util.o [4]
?mov_w0_w2              0x00898d         Code  Gb  vreg_util.o [4]
?mov_w0_w4              0x008994         Code  Gb  vreg_util.o [4]
?mov_w0_w5              0x00899b         Code  Gb  vreg_util.o [4]
?mov_w1_w5              0x0089b6         Code  Gb  vreg_util.o [4]
?mov_w1_w7              0x0089c3         Code  Gb  vreg_util.o [4]
?mov_w2_w0              0x0089a2         Code  Gb  vreg_util.o [4]
?mov_w3_w1              0x0089d0         Code  Gb  vreg_util.o [4]
?mov_w4_w0              0x0089a9         Code  Gb  vreg_util.o [4]
?mov_w5_w1              0x0089dd         Code  Gb  vreg_util.o [4]
?mov_w7_w1              0x0089ea         Code  Gb  vreg_util.o [4]
?mul16_x_x_w0           0x00a827         Code  Gb  short.o [4]
?mul32_l0_l0_l1         0x008735         Code  Gb  long.o [4]
?neg32_l0_l0            0x0086de         Code  Gb  long.o [4]
?pop_e2                 0x0088eb         Code  Gb  vreg_util.o [4]
?pop_l0                 0x00893e         Code  Gb  vreg_util.o [4]
?pop_l1                 0x008949         Code  Gb  vreg_util.o [4]
?pop_l2                 0x008954         Code  Gb  vreg_util.o [4]
?pop_l3                 0x00895f         Code  Gb  vreg_util.o [4]
?pop_w4                 0x008899         Code  Gb  vreg_util.o [4]
?pop_w6                 0x0088a0         Code  Gb  vreg_util.o [4]
?push_e0                0x0088b3         Code  Gb  vreg_util.o [4]
?push_e2                0x0088cf         Code  Gb  vreg_util.o [4]
?push_l0                0x008909         Code  Gb  vreg_util.o [4]
?push_l1                0x00890e         Code  Gb  vreg_util.o [4]
?push_l2                0x008913         Code  Gb  vreg_util.o [4]
?push_l3                0x008918         Code  Gb  vreg_util.o [4]
?push_w0                0x00886e         Code  Gb  vreg_util.o [4]
?push_w2                0x008873         Code  Gb  vreg_util.o [4]
?push_w4                0x008878         Code  Gb  vreg_util.o [4]
?push_w6                0x00887d         Code  Gb  vreg_util.o [4]
?sext32_l0_a            0x008861         Code  Gb  long.o [4]
?sext32_l0_x            0x008856         Code  Gb  long.o [4]
?sll16_x_x_a            0x00a845         Code  Gb  short.o [4]
?sll32_0x_0x_a          0x008848         Code  Gb  long.o [4]
?sll32_l0_l0_a          0x008845         Code  Gb  long.o [4]
?sub32_l0_l0_0x         0x00871d         Code  Gb  long.o [4]
?sub32_l0_l0_l1         0x00871a         Code  Gb  long.o [4]
?udiv32_l0_dl_l1        0x0087b3         Code  Gb  long.o [4]
?udiv32_l0_l0_dl        0x0087b9         Code  Gb  long.o [4]
?udiv32_l0_l0_l1        0x0087bd         Code  Gb  long.o [4]
?umod32_l1_l0_l1        0x0087bd         Code  Gb  long.o [4]
?w0                     0x000000         Data  Gb  vregs.o [4]
?w1                     0x000002         Data  Gb  vregs.o [4]
?w2                     0x000004         Data  Gb  vregs.o [4]
?w3                     0x000006         Data  Gb  vregs.o [4]
?w4                     0x000008         Data  Gb  vregs.o [4]
?w5                     0x00000a         Data  Gb  vregs.o [4]
?w6                     0x00000c         Data  Gb  vregs.o [4]
?w7                     0x00000e         Data  Gb  vregs.o [4]
ADC1_IRQHandler         0x00ad43    0x1  Code  Gb  stm8s_it.o [1]
AWU_IRQHandler          0x00ad33    0x1  Code  Gb  stm8s_it.o [1]
BlueCnt                 0x0000f0    0x1  Data  Gb  bluetooth.o [1]
BlueTooth_EnterAT       0x00a4e0   0x32  Code  Gb  bluetooth.o [1]
BlueTooth_Init          0x00961f   0x94  Code  Gb  bluetooth.o [1]
BlueTooth_SendCmd       0x009a1f   0x62  Code  Gb  bluetooth.o [1]
BlueTooth_SetName       0x00973c   0x87  Code  Gb  bluetooth.o [1]
BlueTooth_Test          0x00a512   0x32  Code  Gb  bluetooth.o [1]
CLK_Config              0x00ac6f    0xa  Code  Lc  main.o [1]
CLK_DeInit              0x00a40d   0x36  Code  Gb  stm8s_clk.o [1]
CLK_GetClockFreq        0x0097c3   0x84  Code  Gb  stm8s_clk.o [1]
CLK_HSIPrescalerConfig  0x00a2da   0x3e  Code  Gb  stm8s_clk.o [1]
CLK_IRQHandler          0x00ad34    0x1  Code  Gb  stm8s_it.o [1]
CSTACK$$Base            0x000600          --   Gb  - Linker created -
CSTACK$$Limit           0x000800          --   Gb  - Linker created -
Check_CS                0x00a70f   0x28  Code  Gb  dl645.o [1]
DL645_ChangeID          0x0000e6    0x2  Data  Gb  dl645.o [1]
DL645_Check_Addr        0x00a737   0x28  Code  Gb  dl645.o [1]
DL645_Data              0x000090   0x3a  Data  Gb  dl645.o [1]
DL645_Device_Control    0x0098c6   0x7e  Code  Gb  dl645.o [1]
DL645_Process           0x009cb0   0x54  Code  Gb  dl645.o [1]
DL645_Protocol          0x008dcb  0x112  Code  Gb  dl645.o [1]
DL645_ReadAddr          0x009847   0x7f  Code  Gb  dl645.o [1]
DL645_ReadData          0x0092d6   0xc2  Code  Gb  dl645.o [1]
DL645_Send              0x008cae  0x11d  Code  Gb  dl645.o [1]
DL645_TxFlag            0x0000e8    0x2  Data  Gb  dl645.o [1]
DL645_WriteAddr         0x009589   0x96  Code  Gb  dl645.o [1]
Delay_MS                0x00a75f   0x28  Code  Gb  tim4.o [1]
E2Init                  0x00acfc    0x6  Code  Gb  device_info.o [1]
E2Read                  0x00a149   0x46  Code  Gb  device_info.o [1]
E2Write                 0x00a0b5   0x4b  Code  Gb  device_info.o [1]
EEPROM_EEC_IRQHandler   0x00ad44    0x1  Code  Gb  stm8s_it.o [1]
EXTI_PORTA_IRQHandler   0x00ad35    0x1  Code  Gb  stm8s_it.o [1]
EXTI_PORTB_IRQHandler   0x00ad36    0x1  Code  Gb  stm8s_it.o [1]
EXTI_PORTC_IRQHandler   0x00ad37    0x1  Code  Gb  stm8s_it.o [1]
EXTI_PORTD_IRQHandler   0x00ad38    0x1  Code  Gb  stm8s_it.o [1]
EXTI_PORTE_IRQHandler   0x00ad39    0x1  Code  Gb  stm8s_it.o [1]
FLASH_Lock              0x00a6ba   0x2c  Code  Gb  stm8s_flash.o [1]
FLASH_ProgramByte       0x009ae3   0x60  Code  Gb  stm8s_flash.o [1]
FLASH_ReadByte          0x009c5a   0x56  Code  Gb  stm8s_flash.o [1]
FLASH_SetProgrammingTime
                        0x00a605   0x2e  Code  Gb  stm8s_flash.o [1]
FLASH_Unlock            0x00a3d1   0x3c  Code  Gb  stm8s_flash.o [1]
GPIO_Init               0x008edd  0x112  Code  Gb  stm8s_gpio.o [1]
GPIO_ReadInputPin       0x00acee    0x7  Code  Gb  stm8s_gpio.o [1]
GPIO_WriteHigh          0x00ace0    0x7  Code  Gb  stm8s_gpio.o [1]
GPIO_WriteLow           0x00acc8    0x8  Code  Gb  stm8s_gpio.o [1]
GPIO_WriteReverse       0x00ace7    0x7  Code  Gb  stm8s_gpio.o [1]
HSIDivFactor            0x00ad24    0x4  Data  Gb  stm8s_clk.o [1]
Hall_Init               0x00aaa8   0x1b  Code  Gb  hall.o [1]
I2C_IRQHandler          0x00ad41    0x1  Code  Gb  stm8s_it.o [1]
INTVEC$$Base            0x008000          --   Gb  - Linker created -
INTVEC$$Limit           0x008080          --   Gb  - Linker created -
KeySta                  0x000010    0x1  Data  Gb  key.o [1]
Key_Driver              0x00a872   0x24  Code  Gb  key.o [1]
Key_Driver::bck         0x000012    0x1  Data  Lc  key.o [1]
Key_Init                0x00abb6    0xe  Code  Gb  key.o [1]
Key_Scan                0x00a29a   0x40  Code  Gb  key.o [1]
Key_Scan::buf           0x000011    0x1  Data  Lc  key.o [1]
Led1_Flash              0x00aa36   0x1d  Code  Gb  led.o [1]
Led1_Flash::div         0x0000ea    0x2  Data  Lc  led.o [1]
Led1_Init               0x00aade   0x17  Code  Gb  led.o [1]
Led1_Reverse            0x00ac65    0xa  Code  Gb  led.o [1]
LoadInt                 0x00a18f   0x45  Code  Lc  xprintfsmall_nomb.o [4]
Motor_Clockwise         0x00aa8c   0x1c  Code  Gb  motor.o [1]
Motor_Counterclockwise  0x00aa70   0x1c  Code  Gb  motor.o [1]
Motor_Driver            0x009398   0xbd  Code  Gb  motor.o [1]
Motor_Init              0x00a544   0x31  Code  Gb  motor.o [1]
Motor_RunSta            0x0000f1    0x1  Data  Gb  motor.o [1]
Motor_RunTime           0x0000ec    0x2  Data  Gb  motor.o [1]
Motor_RunTimeCount      0x00aa53   0x1d  Code  Gb  motor.o [1]
Motor_Stop              0x00a99b   0x20  Code  Gb  motor.o [1]
ReadDeviceInfo          0x0094f3   0x96  Code  Gb  device_info.o [1]
Region$$Table$$Base     0x00a987          --   Gb  - Linker created -
Region$$Table$$Limit    0x00a99b          --   Gb  - Linker created -
SPI_IRQHandler          0x00ad3a    0x1  Code  Gb  stm8s_it.o [1]
Stop                    0x000013    0x5  Data  Lc  uart2.o [1]
TIM1_CAP_COM_IRQHandler
                        0x00ad3c    0x1  Code  Gb  stm8s_it.o [1]
TIM1_UPD_OVF_TRG_BRK_IRQHandler
                        0x00ad3b    0x1  Code  Gb  stm8s_it.o [1]
TIM2_CAP_COM_IRQHandler
                        0x00ad3e    0x1  Code  Gb  stm8s_it.o [1]
TIM2_UPD_OVF_BRK_IRQHandler
                        0x00ad3d    0x1  Code  Gb  stm8s_it.o [1]
TIM3_CAP_COM_IRQHandler
                        0x00ad40    0x1  Code  Gb  stm8s_it.o [1]
TIM3_UPD_OVF_BRK_IRQHandler
                        0x00ad3f    0x1  Code  Gb  stm8s_it.o [1]
TIM4_ClearFlag          0x00a896   0x24  Code  Gb  stm8s_tim4.o [1]
TIM4_ClearITPendingBit  0x00a8ba   0x24  Code  Gb  stm8s_tim4.o [1]
TIM4_Cmd                0x00a575   0x30  Code  Gb  stm8s_tim4.o [1]
TIM4_Config             0x00a945   0x21  Code  Gb  tim4.o [1]
TIM4_ITConfig           0x009d58   0x52  Code  Gb  stm8s_tim4.o [1]
TIM4_TimeBaseInit       0x009d04   0x54  Code  Gb  stm8s_tim4.o [1]
TIM4_UPD_OVF_IRQHandler
                        0x00a01d   0x4c  Code  Gb  stm8s_it.o [1]
TIM4_UPD_OVF_IRQHandler::div
                        0x0000f2    0x1  Data  Lc  stm8s_it.o [1]
TLI_IRQHandler          0x00ad32    0x1  Code  Gb  stm8s_it.o [1]
TRAP_IRQHandler         0x00ad31    0x1  Code  Gb  stm8s_it.o [1]
TimingDelay             0x0000e2    0x4  Data  Gb  tim4.o [1]
TimingDelay_Decrement   0x00a787   0x28  Code  Gb  tim4.o [1]
UART2_ClearITPendingBit
                        0x00a069   0x4c  Code  Gb  stm8s_uart2.o [1]
UART2_Cmd               0x00abc4    0xe  Code  Gb  stm8s_uart2.o [1]
UART2_DeInit            0x00a6e6   0x29  Code  Gb  stm8s_uart2.o [1]
UART2_GetFlagStatus     0x0091f9   0xdd  Code  Gb  stm8s_uart2.o [1]
UART2_GetITStatus       0x008fef  0x111  Code  Gb  stm8s_uart2.o [1]
UART2_ITConfig          0x009100   0xf9  Code  Gb  stm8s_uart2.o [1]
UART2_Init              0x00848b  0x253  Code  Gb  stm8s_uart2.o [1]
UART2_RX_IRQHandler     0x0099bc   0x63  Code  Gb  stm8s_it.o [1]
UART2_ReceiveData8      0x00ad14    0x4  Code  Gb  stm8s_uart2.o [1]
UART2_SendData8         0x00ad18    0x4  Code  Gb  stm8s_uart2.o [1]
UART2_TX_IRQHandler     0x00ad42    0x1  Code  Gb  stm8s_it.o [1]
Uart2_InitSetPar        0x009f83   0x4d  Code  Gb  uart2.o [1]
Uart2_SendStr           0x00a7af   0x28  Code  Gb  uart2.o [1]
Uart2_SendStrLen        0x00a4ac   0x34  Code  Gb  uart2.o [1]
Uart_Driver             0x008b72  0x13c  Code  Gb  uart2.o [1]
Uart_Monitor            0x009ba3   0x5f  Code  Gb  uart2.o [1]
_LitobSmallNoMb         0x0089f1  0x181  Code  Lc  xprintfsmall_nomb.o [4]
_PrintfSmallNoMb        0x008080  0x40b  Code  Gb  xprintfsmall_nomb.o [4]
_Prout                  0x00a9db   0x1f  Code  Gb  xprout.o [4]
_PutcharSmallNoMb       0x00a633   0x2e  Code  Lc  xprintfsmall_nomb.o [4]
_PutcharsSmallNoMb      0x00a356   0x3e  Code  Lc  xprintfsmall_nomb.o [4]
_SProut                 0x00ac3a    0xb  Code  Gb  xsprout.o [4]
__DebugBreak            0x00ad45    0x1  Code  Gb  __dbg_break.o [3]
__exit                  0x00ab4e   0x16  Code  Gb  __dbg_xxexit.o [3]
__iar_Memchr            0x00a966   0x21  Code  Gb  memchr.o [4]
__iar_Stdout            0x000018   0x28  Data  Gb  xfiles.o [4]
__iar_Strchr            0x00ab8e   0x15  Code  Gb  strchr.o [4]
__iar_Strstr            0x009b43   0x60  Code  Gb  strstr.o [4]
__iar_copy_init2        0x00a7ff         Code  Gb  init_small.o [4]
__iar_data_init2        0x00a9fa   0x1e  Code  Gb  init.o [4]
__iar_program_start     0x00aaf5         Code  Gb  cstartup.o [4]
__iar_unhandled_exception
                        0x00ad2b         Code  Gb  unhandled_exception.o [4]
__iar_zero_init2        0x00aa18         Code  Gb  init_small.o [4]
__intvec                0x008000         Data  Gb  interrupt.o [4]
__low_level_init        0x00ad28    0x3  Code  Gb  low_level_init.o [4]
_exit                   0x00ad02         Code  Gb  cexit.o [4]
_interrupt_1            0x00ad31         Code  Gb  stm8s_it.o [1]
_interrupt_12           0x00ad3a         Code  Gb  stm8s_it.o [1]
_interrupt_13           0x00ad3b         Code  Gb  stm8s_it.o [1]
_interrupt_14           0x00ad3c         Code  Gb  stm8s_it.o [1]
_interrupt_15           0x00ad3d         Code  Gb  stm8s_it.o [1]
_interrupt_16           0x00ad3e         Code  Gb  stm8s_it.o [1]
_interrupt_17           0x00ad3f         Code  Gb  stm8s_it.o [1]
_interrupt_18           0x00ad40         Code  Gb  stm8s_it.o [1]
_interrupt_2            0x00ad32         Code  Gb  stm8s_it.o [1]
_interrupt_21           0x00ad41         Code  Gb  stm8s_it.o [1]
_interrupt_22           0x00ad42         Code  Gb  stm8s_it.o [1]
_interrupt_23           0x0099bc         Code  Gb  stm8s_it.o [1]
_interrupt_24           0x00ad43         Code  Gb  stm8s_it.o [1]
_interrupt_25           0x00a01d         Code  Gb  stm8s_it.o [1]
_interrupt_26           0x00ad44         Code  Gb  stm8s_it.o [1]
_interrupt_3            0x00ad33         Code  Gb  stm8s_it.o [1]
_interrupt_4            0x00ad34         Code  Gb  stm8s_it.o [1]
_interrupt_5            0x00ad35         Code  Gb  stm8s_it.o [1]
_interrupt_6            0x00ad36         Code  Gb  stm8s_it.o [1]
_interrupt_7            0x00ad37         Code  Gb  stm8s_it.o [1]
_interrupt_8            0x00ad38         Code  Gb  stm8s_it.o [1]
_interrupt_9            0x00ad39         Code  Gb  stm8s_it.o [1]
action_flag             0x0000ee    0x2  Data  Gb  uart2.o [1]
api_InitOutClockPuls    0x00a100   0x49  Code  Gb  rtc8025t.o [1]
assert_failed           0x00a924   0x21  Code  Gb  main.o [1]
data_uart2              0x0000d9    0x9  Data  Gb  uart2.o [1]
delay_us                0x00ac5b    0xa  Code  Gb  i2c.o [1]
dev_info                0x0000ca    0xf  Data  Gb  device_info.o [1]
exit                    0x00ad20    0x4  Code  Gb  exit.o [4]
fputc                   0x00a9bb   0x20  Code  Gb  uart2.o [1]
i2c_Ack                 0x00a259   0x41  Code  Gb  i2c.o [1]
i2c_Delay               0x00ab22   0x16  Code  Gb  i2c.o [1]
i2c_NAck                0x00a478   0x34  Code  Gb  i2c.o [1]
i2c_ReadByte            0x009e99   0x4e  Code  Gb  i2c.o [1]
i2c_SendByte            0x009944   0x78  Code  Gb  i2c.o [1]
i2c_Start               0x00a218   0x41  Code  Gb  i2c.o [1]
i2c_Stop                0x00a68e   0x2c  Code  Gb  i2c.o [1]
i2c_WaitAck             0x009daa   0x51  Code  Gb  i2c.o [1]
i2c_read_RTC            0x009455   0x9e  Code  Gb  rtc8025t.o [1]
i2c_start_set           0x00a902   0x22  Code  Gb  i2c.o [1]
i2c_stop_set            0x00ab64   0x15  Code  Gb  i2c.o [1]
i2c_write_RTC           0x0096b3   0x89  Code  Gb  rtc8025t.o [1]
main                    0x009a81   0x62  Code  Gb  main.o [1]
memcmp                  0x00a5a5   0x30  Code  Gb  memcmp.o [4]
memset                  0x00ab38   0x16  Code  Gb  memset.o [4]
obuf                    0x000040   0x50  Data  Lc  xfiles.o [4]
pad                     0x00a394   0x3d  Code  Lc  xprintfsmall_nomb.o [4]
printf                  0x00a8de   0x24  Code  Gb  printf.o [4]
putchar                 0x00acd0    0x8  Code  Gb  putchar.o [4]
rtcTest                 0x00ac2f    0xb  Code  Gb  main.o [1]
sprintf                 0x00a1d4   0x44  Code  Gb  sprintf.o [4]
strlen                  0x00ac0a    0xd  Code  Gb  strlen.o [4]
strncmp                 0x00a443   0x35  Code  Gb  strncmp.o [4]
strstr                  0x00ab0c   0x16  Code  Gb  bluetooth.o [1]


[1] = H:\SiShengShiyanJidi\STM8S005K6_SHZH\stm8s005_template\EWARM\Debug\Obj
[2] = command line
[3] = dbgstm8mmd.a
[4] = dlstm8mmf.a

  10 697 bytes of readonly  code memory
     893 bytes of readonly  data memory
     755 bytes of readwrite data memory

Errors: none
Warnings: none
