###############################################################################
#
# IAR ELF Linker V3.11.1.207 for STM8                     10/Jul/2020  11:07:20
# Copyright 2010-2019 IAR Systems AB.
#
#    Output file  =  
#        H:\SiShengShiyanJidi\STM8S005K6\stm8s005_template\EWARM\Debug\Exe\stm8s005_template.out
#    Map file     =  
#        H:\SiShengShiyanJidi\STM8S005K6\stm8s005_template\EWARM\Debug\List\stm8s005_template.map
#    Command line =  
#        -f C:\Users\sunxi\AppData\Local\Temp\EWF31B.tmp
#        (H:\SiShengShiyanJidi\STM8S005K6\stm8s005_template\EWARM\Debug\Obj\adc.o
#        H:\SiShengShiyanJidi\STM8S005K6\stm8s005_template\EWARM\Debug\Obj\bluetooth.o
#        H:\SiShengShiyanJidi\STM8S005K6\stm8s005_template\EWARM\Debug\Obj\device_info.o
#        H:\SiShengShiyanJidi\STM8S005K6\stm8s005_template\EWARM\Debug\Obj\dl645.o
#        H:\SiShengShiyanJidi\STM8S005K6\stm8s005_template\EWARM\Debug\Obj\hall.o
#        H:\SiShengShiyanJidi\STM8S005K6\stm8s005_template\EWARM\Debug\Obj\iwatchdog.o
#        H:\SiShengShiyanJidi\STM8S005K6\stm8s005_template\EWARM\Debug\Obj\key.o
#        H:\SiShengShiyanJidi\STM8S005K6\stm8s005_template\EWARM\Debug\Obj\led.o
#        H:\SiShengShiyanJidi\STM8S005K6\stm8s005_template\EWARM\Debug\Obj\lowpower.o
#        H:\SiShengShiyanJidi\STM8S005K6\stm8s005_template\EWARM\Debug\Obj\main.o
#        H:\SiShengShiyanJidi\STM8S005K6\stm8s005_template\EWARM\Debug\Obj\motor.o
#        H:\SiShengShiyanJidi\STM8S005K6\stm8s005_template\EWARM\Debug\Obj\spi.o
#        H:\SiShengShiyanJidi\STM8S005K6\stm8s005_template\EWARM\Debug\Obj\stm8s_adc1.o
#        H:\SiShengShiyanJidi\STM8S005K6\stm8s005_template\EWARM\Debug\Obj\stm8s_awu.o
#        H:\SiShengShiyanJidi\STM8S005K6\stm8s005_template\EWARM\Debug\Obj\stm8s_beep.o
#        H:\SiShengShiyanJidi\STM8S005K6\stm8s005_template\EWARM\Debug\Obj\stm8s_clk.o
#        H:\SiShengShiyanJidi\STM8S005K6\stm8s005_template\EWARM\Debug\Obj\stm8s_exti.o
#        H:\SiShengShiyanJidi\STM8S005K6\stm8s005_template\EWARM\Debug\Obj\stm8s_flash.o
#        H:\SiShengShiyanJidi\STM8S005K6\stm8s005_template\EWARM\Debug\Obj\stm8s_gpio.o
#        H:\SiShengShiyanJidi\STM8S005K6\stm8s005_template\EWARM\Debug\Obj\stm8s_i2c.o
#        H:\SiShengShiyanJidi\STM8S005K6\stm8s005_template\EWARM\Debug\Obj\stm8s_it.o
#        H:\SiShengShiyanJidi\STM8S005K6\stm8s005_template\EWARM\Debug\Obj\stm8s_itc.o
#        H:\SiShengShiyanJidi\STM8S005K6\stm8s005_template\EWARM\Debug\Obj\stm8s_iwdg.o
#        H:\SiShengShiyanJidi\STM8S005K6\stm8s005_template\EWARM\Debug\Obj\stm8s_rst.o
#        H:\SiShengShiyanJidi\STM8S005K6\stm8s005_template\EWARM\Debug\Obj\stm8s_spi.o
#        H:\SiShengShiyanJidi\STM8S005K6\stm8s005_template\EWARM\Debug\Obj\stm8s_tim1.o
#        H:\SiShengShiyanJidi\STM8S005K6\stm8s005_template\EWARM\Debug\Obj\stm8s_tim2.o
#        H:\SiShengShiyanJidi\STM8S005K6\stm8s005_template\EWARM\Debug\Obj\stm8s_tim3.o
#        H:\SiShengShiyanJidi\STM8S005K6\stm8s005_template\EWARM\Debug\Obj\stm8s_tim4.o
#        H:\SiShengShiyanJidi\STM8S005K6\stm8s005_template\EWARM\Debug\Obj\stm8s_uart2.o
#        H:\SiShengShiyanJidi\STM8S005K6\stm8s005_template\EWARM\Debug\Obj\stm8s_wwdg.o
#        H:\SiShengShiyanJidi\STM8S005K6\stm8s005_template\EWARM\Debug\Obj\tim4.o
#        H:\SiShengShiyanJidi\STM8S005K6\stm8s005_template\EWARM\Debug\Obj\uart2.o
#        --no_out_extension -o
#        H:\SiShengShiyanJidi\STM8S005K6\stm8s005_template\EWARM\Debug\Exe\stm8s005_template.out
#        --map
#        H:\SiShengShiyanJidi\STM8S005K6\stm8s005_template\EWARM\Debug\List\stm8s005_template.map
#        --config "C:\Program Files (x86)\IAR Systems\Embedded Workbench
#        8.3\stm8\config\lnkstm8s005k6.icf" --config_def _CSTACK_SIZE=0x200
#        --config_def _HEAP_SIZE=0x100 --entry __iar_program_start --debug_lib)
#
###############################################################################

*******************************************************************************
*** RUNTIME MODEL ATTRIBUTES
***

__Heap_Handler             = Basic
__SystemLibrary            = DLib
__code_model               = medium_or_large
__core                     = stm8
__data_model               = medium
__dlib_file_descriptor     = 1
__dlib_full_locale_support = 1
__rt_version               = 4


*******************************************************************************
*** PLACEMENT SUMMARY
***

"A0":  place at start of [0x000000-0x0000ff] { rw section .vregs };
"A1":  place at end of [0x000000-0x0007ff] { block CSTACK };
"P2":  place in [from 0x000000 to 0x0007ff] {
          block HEAP, rw section __DLIB_PERTHREAD, rw section .far.bss,
          rw section .far.data, rw section .far.noinit,
          rw section .far_func.textrw, rw section .huge.bss,
          rw section .huge.data, rw section .huge.noinit,
          rw section .huge_func.textrw, rw section .iar.dynexit,
          rw section .near.bss, rw section .near.data, rw section .near.noinit,
          rw section .near_func.textrw };
"A2":  place at start of [0x008000-0x00ffff] { block INTVEC };
"P3":  place in [from 0x008000 to 0x00ffff] {
          ro section __DLIB_PERTHREAD_init, ro section .far.data_init,
          ro section .far_func.textrw_init, ro section .huge.data_init,
          ro section .huge_func.textrw_init, ro section .iar.init_table,
          ro section .init_array, ro section .near.data_init,
          ro section .near.rodata, ro section .near_func.text,
          ro section .near_func.textrw_init, ro section .tiny.data_init,
          ro section .tiny.rodata_init };
"P4":  place in [from 0x008000 to 0x00ffff] {
          ro section .far.rodata, ro section .far_func.text };
"P5":  place in [from 0x008000 to 0x00ffff] {
          ro section .huge.rodata, ro section .huge_func.text };
do not initialize {
   rw section .eeprom.noinit, rw section .far.noinit, rw section .huge.noinit,
   rw section .near.noinit, rw section .tiny.noinit, rw section .vregs };
initialize by copy {
   rw section .far.bss, rw section .far.data, rw section .far_func.textrw,
   rw section .huge.bss, rw section .huge.data, rw section .huge_func.textrw,
   rw section .iar.dynexit, rw section .near.bss, rw section .near.data,
   rw section .near_func.textrw, rw section .tiny.bss, rw section .tiny.data,
   ro section .tiny.rodata };

No sections matched the following patterns:

  ro section .far.data_init          in "P3-P5"
  ro section .far.rodata             in "P3-P5"
  ro section .far_func.textrw_init   in "P3-P5"
  ro section .huge.data_init         in "P3-P5"
  ro section .huge.rodata            in "P3-P5"
  ro section .huge_func.text         in "P3-P5"
  ro section .huge_func.textrw_init  in "P3-P5"
  ro section .iar.init_table         in "P3-P5"
  ro section .init_array             in "P3-P5"
  ro section .near_func.text         in "P3-P5"
  ro section .near_func.textrw_init  in "P3-P5"
  ro section .tiny.data_init         in "P3-P5"
  ro section .tiny.rodata_init       in "P3-P5"
  ro section __DLIB_PERTHREAD_init   in "P3-P5"
  rw section .far.bss                in "P2"
  rw section .far.data               in "P2"
  rw section .far.noinit             in "P2"
  rw section .far_func.textrw        in "P2"
  rw section .huge.bss               in "P2"
  rw section .huge.data              in "P2"
  rw section .huge.noinit            in "P2"
  rw section .huge_func.textrw       in "P2"
  rw section .iar.dynexit            in "P2"
  rw section .near.noinit            in "P2"
  rw section .near_func.textrw       in "P2"
  rw section .tiny.bss               in "P1"
  rw section .tiny.data              in "P1"
  rw section .tiny.noinit            in "P1"
  rw section .tiny.rodata            in "P1"
  rw section __DLIB_PERTHREAD        in "P2"
  section .eeprom.data               in "P6-P8"
  section .eeprom.noinit             in "P6-P8"
  section .eeprom.rodata             in "P6-P8"


  Section            Kind      Address    Size  Object
  -------            ----      -------    ----  ------
"A0":                                     0x10
  .vregs             uninit   0x000000    0x10  vregs.o [4]
                            - 0x000010    0x10

"P2", part 1 of 2:                        0x30
  P2-1                        0x000010    0x30  <Init block>
    .near.data       inited   0x000010     0x1  key.o [1]
    .near.data       inited   0x000011     0x1  key.o [1]
    .near.data       inited   0x000012     0x1  key.o [1]
    .near.data       inited   0x000013     0x5  uart2.o [1]
    .near.data       inited   0x000018    0x28  xfiles.o [4]
                            - 0x000040    0x30

"P2", part 2 of 2:                        0xe1
  .near.bss          zero     0x000040    0x50  xfiles.o [4]
  .near.bss          zero     0x000090    0x3a  dl645.o [1]
  .near.bss          zero     0x0000ca    0x37  uart2.o [1]
  .near.bss          zero     0x000101     0xf  device_info.o [1]
  .near.bss          zero     0x000110     0x4  tim4.o [1]
  .near.bss          zero     0x000114     0x2  dl645.o [1]
  .near.bss          zero     0x000116     0x2  dl645.o [1]
  .near.bss          zero     0x000118     0x2  led.o [1]
  .near.bss          zero     0x00011a     0x2  motor.o [1]
  .near.bss          zero     0x00011c     0x2  uart2.o [1]
  .near.bss          zero     0x00011e     0x1  bluetooth.o [1]
  .near.bss          zero     0x00011f     0x1  motor.o [1]
  .near.bss          zero     0x000120     0x1  stm8s_it.o [1]
                            - 0x000121    0xe1

"A1":                                    0x200
  CSTACK                      0x000600   0x200  <Block>
    CSTACK           uninit   0x000600   0x200  <Block tail>
                            - 0x000800   0x200

"A2":                                     0x80
  INTVEC                      0x008000    0x80  <Block>
    .intvec          const    0x008000    0x80  interrupt.o [4]
                            - 0x008080    0x80

"P3-P5":                                0x2c49
  .far_func.text     ro code  0x008080   0x40b  xprintfsmall_nomb.o [4]
  .far_func.text     ro code  0x00848b   0x253  stm8s_uart2.o [1]
  .far_func.text     ro code  0x0086de   0x190  long.o [4]
  .far_func.text     ro code  0x00886e   0x183  vreg_util.o [4]
  .far_func.text     ro code  0x0089f1   0x181  xprintfsmall_nomb.o [4]
  .far_func.text     ro code  0x008b72   0x13c  uart2.o [1]
  .far_func.text     ro code  0x008cae   0x134  stm8s_clk.o [1]
  .far_func.text     ro code  0x008de2   0x11d  dl645.o [1]
  .far_func.text     ro code  0x008eff   0x112  dl645.o [1]
  .far_func.text     ro code  0x009011   0x112  stm8s_gpio.o [1]
  .far_func.text     ro code  0x009123   0x111  stm8s_uart2.o [1]
  .far_func.text     ro code  0x009234    0xf9  stm8s_uart2.o [1]
  .far_func.text     ro code  0x00932d    0xdd  stm8s_uart2.o [1]
  .far_func.text     ro code  0x00940a    0xcf  main.o [1]
  .far_func.text     ro code  0x0094d9    0xc2  dl645.o [1]
  .far_func.text     ro code  0x00959b    0xbd  motor.o [1]
  .far_func.text     ro code  0x009658    0x96  device_info.o [1]
  .far_func.text     ro code  0x0096ee    0x96  dl645.o [1]
  .far_func.text     ro code  0x009784    0x94  bluetooth.o [1]
  .far_func.text     ro code  0x009818    0x8c  stm8s_clk.o [1]
  .far_func.text     ro code  0x0098a4    0x87  bluetooth.o [1]
  .far_func.text     ro code  0x00992b    0x84  stm8s_clk.o [1]
  .far_func.text     ro code  0x0099af    0x7f  dl645.o [1]
  .far_func.text     ro code  0x009a2e    0x7e  dl645.o [1]
  .far_func.text     ro code  0x009aac    0x78  stm8s_clk.o [1]
  .far_func.text     ro code  0x009b24    0x63  stm8s_it.o [1]
  .far_func.text     ro code  0x009b87    0x62  bluetooth.o [1]
  .far_func.text     ro code  0x009be9    0x62  main.o [1]
  .far_func.text     ro code  0x009c4b    0x60  stm8s_flash.o [1]
  .far_func.text     ro code  0x009cab    0x60  strstr.o [4]
  .far_func.text     ro code  0x009d0b    0x5f  uart2.o [1]
  .far_func.text     ro code  0x009d6a    0x58  dc_util.o [4]
  .far_func.text     ro code  0x009dc2    0x56  stm8s_flash.o [1]
  .far_func.text     ro code  0x009e18    0x54  dl645.o [1]
  .far_func.text     ro code  0x009e6c    0x54  stm8s_tim4.o [1]
  .far_func.text     ro code  0x009ec0    0x52  stm8s_tim4.o [1]
  .far_func.text     ro code  0x009f12    0x4d  uart2.o [1]
  .far_func.text     ro code  0x009f5f    0x4c  stm8s_it.o [1]
  .far_func.text     ro code  0x009fab    0x4c  stm8s_uart2.o [1]
  .far_func.text     ro code  0x009ff7    0x4b  device_info.o [1]
  .near.rodata       const    0x00a042    0x4a  stm8s_flash.o [1]
  .near.rodata       const    0x00a08c    0x4a  stm8s_uart2.o [1]
  .near.rodata       const    0x00a0d6    0x49  stm8s_gpio.o [1]
  .near.rodata       const    0x00a11f    0x49  stm8s_tim4.o [1]
  .near.rodata       const    0x00a168    0x48  stm8s_clk.o [1]
  .far_func.text     ro code  0x00a1b0    0x46  device_info.o [1]
  .far_func.text     ro code  0x00a1f6    0x45  xprintfsmall_nomb.o [4]
  .far_func.text     ro code  0x00a23b    0x44  sprintf.o [4]
  .far_func.text     ro code  0x00a27f    0x40  key.o [1]
  .far_func.text     ro code  0x00a2bf    0x3e  stm8s_clk.o [1]
  .far_func.text     ro code  0x00a2fd    0x3e  long_util.o [4]
  .far_func.text     ro code  0x00a33b    0x3e  xprintfsmall_nomb.o [4]
  .far_func.text     ro code  0x00a379    0x3d  xprintfsmall_nomb.o [4]
  .far_func.text     ro code  0x00a3b6    0x3c  stm8s_flash.o [1]
  .far_func.text     ro code  0x00a3f2    0x36  stm8s_clk.o [1]
  .far_func.text     ro code  0x00a428    0x35  strncmp.o [4]
  .far_func.text     ro code  0x00a45d    0x34  uart2.o [1]
  .far_func.text     ro code  0x00a491    0x32  bluetooth.o [1]
  .far_func.text     ro code  0x00a4c3    0x32  bluetooth.o [1]
  .far_func.text     ro code  0x00a4f5    0x31  motor.o [1]
  .far_func.text     ro code  0x00a526    0x30  stm8s_clk.o [1]
  .far_func.text     ro code  0x00a556    0x30  stm8s_clk.o [1]
  .far_func.text     ro code  0x00a586    0x30  stm8s_tim4.o [1]
  .far_func.text     ro code  0x00a5b6    0x30  memcmp.o [4]
  Initializer bytes  const    0x00a5e6    0x30  <for P2-1>
  .far_func.text     ro code  0x00a616    0x2e  stm8s_flash.o [1]
  .far_func.text     ro code  0x00a644    0x2e  xprintfsmall_nomb.o [4]
  .near.rodata       const    0x00a672    0x2d  main.o [1]
  .far_func.text     ro code  0x00a69f    0x2c  stm8s_flash.o [1]
  .far_func.text     ro code  0x00a6cb    0x29  stm8s_uart2.o [1]
  .far_func.text     ro code  0x00a6f4    0x28  dl645.o [1]
  .far_func.text     ro code  0x00a71c    0x28  dl645.o [1]
  .far_func.text     ro code  0x00a744    0x28  tim4.o [1]
  .far_func.text     ro code  0x00a76c    0x28  tim4.o [1]
  .far_func.text     ro code  0x00a794    0x28  uart2.o [1]
  .far_func.text     ro code  0x00a7bc    0x28  far_util.o [4]
  .far_func.text     ro code  0x00a7e4    0x28  init_small.o [4]
  .far_func.text     ro code  0x00a80c    0x26  short.o [4]
  .near.rodata       const    0x00a832    0x25  bluetooth.o [1]
  .far_func.text     ro code  0x00a857    0x24  key.o [1]
  .far_func.text     ro code  0x00a87b    0x24  stm8s_tim4.o [1]
  .far_func.text     ro code  0x00a89f    0x24  stm8s_tim4.o [1]
  .far_func.text     ro code  0x00a8c3    0x24  printf.o [4]
  .far_func.text     ro code  0x00a8e7    0x21  main.o [1]
  .far_func.text     ro code  0x00a908    0x21  tim4.o [1]
  .far_func.text     ro code  0x00a929    0x21  memchr.o [4]
  .iar.init_table    const    0x00a94a    0x14  - Linker created -
  .far_func.text     ro code  0x00a95e    0x20  motor.o [1]
  .far_func.text     ro code  0x00a97e    0x20  uart2.o [1]
  .far_func.text     ro code  0x00a99e    0x1f  xprout.o [4]
  .far_func.text     ro code  0x00a9bd    0x1e  init.o [4]
  .far_func.text     ro code  0x00a9db    0x1e  init_small.o [4]
  .far_func.text     ro code  0x00a9f9    0x1d  led.o [1]
  .far_func.text     ro code  0x00aa16    0x1d  motor.o [1]
  .far_func.text     ro code  0x00aa33    0x1c  motor.o [1]
  .far_func.text     ro code  0x00aa4f    0x1c  motor.o [1]
  .far_func.text     ro code  0x00aa6b    0x1b  hall.o [1]
  .near.rodata       const    0x00aa86    0x1b  bluetooth.o [1]
  .far_func.text     ro code  0x00aaa1    0x17  led.o [1]
  .far_func.text     ro code  0x00aab8    0x17  cstartup.o [4]
  .far_func.text     ro code  0x00aacf    0x16  bluetooth.o [1]
  .far_func.text     ro code  0x00aae5    0x16  memset.o [4]
  .far_func.text     ro code  0x00aafb    0x16  __dbg_xxexit.o [3]
  .far_func.text     ro code  0x00ab11    0x15  xprintfsmall_nomb.o [4]
  .far_func.text     ro code  0x00ab26    0x15  strchr.o [4]
  .near.rodata       const    0x00ab3b    0x13  uart2.o [1]
  .far_func.text     ro code  0x00ab4e     0xe  key.o [1]
  .far_func.text     ro code  0x00ab5c     0xe  stm8s_uart2.o [1]
  .near.rodata       const    0x00ab6a     0xe  key.o [1]
  .near.rodata       const    0x00ab78     0xe  key.o [1]
  .near.rodata       const    0x00ab86     0xe  uart2.o [1]
  .near.rodata       const    0x00ab94     0xe  uart2.o [1]
  .far_func.text     ro code  0x00aba2     0xd  strlen.o [4]
  .far_func.text     ro code  0x00abaf     0xc  xprintfsmall_nomb.o [4]
  .near.rodata       const    0x00abbb     0xc  bluetooth.o [1]
  .far_func.text     ro code  0x00abc7     0xb  xsprout.o [4]
  .far_func.text     ro code  0x00abd2     0xb  xprintfsmall_nomb.o [4]
  .near.rodata       const    0x00abdd     0xb  bluetooth.o [1]
  .far_func.text     ro code  0x00abe8     0xa  led.o [1]
  .far_func.text     ro code  0x00abf2     0xa  main.o [1]
  .near.rodata       const    0x00abfc     0xa  bluetooth.o [1]
  .near.rodata       const    0x00ac06     0xa  bluetooth.o [1]
  .near.rodata       const    0x00ac10     0xa  bluetooth.o [1]
  .near.rodata       const    0x00ac1a     0xa  uart2.o [1]
  .near.rodata       const    0x00ac24     0xa  uart2.o [1]
  .near.rodata       const    0x00ac2e     0xa  uart2.o [1]
  .near.rodata       const    0x00ac38     0xa  uart2.o [1]
  .near.rodata       const    0x00ac42     0x9  bluetooth.o [1]
  .far_func.text     ro code  0x00ac4b     0x8  stm8s_gpio.o [1]
  .far_func.text     ro code  0x00ac53     0x8  putchar.o [4]
  .far_func.text     ro code  0x00ac5b     0x8  xprintfsmall_nomb.o [4]
  .far_func.text     ro code  0x00ac63     0x7  stm8s_gpio.o [1]
  .far_func.text     ro code  0x00ac6a     0x7  stm8s_gpio.o [1]
  .far_func.text     ro code  0x00ac71     0x7  stm8s_gpio.o [1]
  .near.rodata       const    0x00ac78     0x7  xprintfsmall_nomb.o [4]
  .far_func.text     ro code  0x00ac7f     0x6  device_info.o [1]
  .far_func.text     ro code  0x00ac85     0x6  cexit.o [4]
  .far_func.text     ro code  0x00ac8b     0x6  xprintfsmall_nomb.o [4]
  .near.rodata       const    0x00ac91     0x6  uart2.o [1]
  .far_func.text     ro code  0x00ac97     0x4  stm8s_uart2.o [1]
  .far_func.text     ro code  0x00ac9b     0x4  stm8s_uart2.o [1]
  .far_func.text     ro code  0x00ac9f     0x4  interrupt.o [4]
  .far_func.text     ro code  0x00aca3     0x4  exit.o [4]
  .near.rodata       const    0x00aca7     0x4  stm8s_clk.o [1]
  .far_func.text     ro code  0x00acab     0x3  low_level_init.o [4]
  .far_func.text     ro code  0x00acae     0x3  unhandled_exception.o [4]
  .near.rodata       const    0x00acb1     0x3  bluetooth.o [1]
  .far_func.text     ro code  0x00acb4     0x1  stm8s_it.o [1]
  .far_func.text     ro code  0x00acb5     0x1  stm8s_it.o [1]
  .far_func.text     ro code  0x00acb6     0x1  stm8s_it.o [1]
  .far_func.text     ro code  0x00acb7     0x1  stm8s_it.o [1]
  .far_func.text     ro code  0x00acb8     0x1  stm8s_it.o [1]
  .far_func.text     ro code  0x00acb9     0x1  stm8s_it.o [1]
  .far_func.text     ro code  0x00acba     0x1  stm8s_it.o [1]
  .far_func.text     ro code  0x00acbb     0x1  stm8s_it.o [1]
  .far_func.text     ro code  0x00acbc     0x1  stm8s_it.o [1]
  .far_func.text     ro code  0x00acbd     0x1  stm8s_it.o [1]
  .far_func.text     ro code  0x00acbe     0x1  stm8s_it.o [1]
  .far_func.text     ro code  0x00acbf     0x1  stm8s_it.o [1]
  .far_func.text     ro code  0x00acc0     0x1  stm8s_it.o [1]
  .far_func.text     ro code  0x00acc1     0x1  stm8s_it.o [1]
  .far_func.text     ro code  0x00acc2     0x1  stm8s_it.o [1]
  .far_func.text     ro code  0x00acc3     0x1  stm8s_it.o [1]
  .far_func.text     ro code  0x00acc4     0x1  stm8s_it.o [1]
  .far_func.text     ro code  0x00acc5     0x1  stm8s_it.o [1]
  .far_func.text     ro code  0x00acc6     0x1  stm8s_it.o [1]
  .far_func.text     ro code  0x00acc7     0x1  stm8s_it.o [1]
  .far_func.text     ro code  0x00acc8     0x1  __dbg_break.o [3]
                            - 0x00acc9  0x2c49


*******************************************************************************
*** INIT TABLE
***

          Address   Size
          -------   ----
Zero (__iar_zero_init2)
    1 destination range, total size 0xe1:
          0x000040  0xe1

Copy (__iar_copy_init2)
    1 source range, total size 0x30:
          0x00a5e6  0x30
    1 destination range, total size 0x30:
          0x000010  0x30



*******************************************************************************
*** MODULE SUMMARY
***

    Module                 ro code  ro data  rw data
    ------                 -------  -------  -------
H:\SiShengShiyanJidi\STM8S005K6\stm8s005_template\EWARM\Debug\Obj: [1]
    bluetooth.o                503      129        1
    device_info.o              301                15
    dl645.o                  1 320                62
    hall.o                      27
    key.o                      114       31        3
    led.o                       62                 2
    main.o                     348       45
    motor.o                    355                 3
    stm8s_clk.o                912       76
    stm8s_flash.o              332       74
    stm8s_gpio.o               303       73
    stm8s_it.o                 195                 1
    stm8s_tim4.o               286       73
    stm8s_uart2.o            1 477       74
    tim4.o                     113                 4
    uart2.o                    612       98       62
    ------------------------------------------------
    Total:                   7 260      673      153

command line: [2]
    ------------------------------------------------
    Total:

dbgstm8mmd.a: [3]
    __dbg_break.o                1
    __dbg_xxexit.o              22
    ------------------------------------------------
    Total:                      23

dlstm8mmf.a: [4]
    cexit.o                      6
    cstartup.o                  23
    dc_util.o                   88
    exit.o                       4
    far_util.o                  40
    init.o                      30
    init_small.o                70
    interrupt.o                  4      128
    long.o                     400
    long_util.o                 62
    low_level_init.o             3
    memchr.o                    33
    memcmp.o                    48
    memset.o                    22
    printf.o                    36
    putchar.o                    8
    short.o                     38
    sprintf.o                   68
    strchr.o                    21
    strlen.o                    13
    strncmp.o                   53
    strstr.o                    96
    unhandled_exception.o        3
    vreg_util.o                387
    vregs.o                                       16
    xfiles.o                             40      120
    xprintfsmall_nomb.o      1 716        7
    xprout.o                    31
    xsprout.o                   11
    ------------------------------------------------
    Total:                   3 314      175      136

    Linker created                       20      512
----------------------------------------------------
    Grand Total:            10 597      868      801


*******************************************************************************
*** ENTRY LIST
***

Entry                    Address   Size  Type      Object
-----                    -------   ----  ----      ------
.iar.init_table$$Base   0x00a94a          --   Gb  - Linker created -
.iar.init_table$$Limit  0x00a95e          --   Gb  - Linker created -
?and32_l0_l0_0x         0x00882d         Code  Gb  long.o [4]
?and32_l0_l0_l1         0x00882a         Code  Gb  long.o [4]
?b0                     0x000000         Data  Gb  vregs.o [4]
?b1                     0x000001         Data  Gb  vregs.o [4]
?b10                    0x00000a         Data  Gb  vregs.o [4]
?b11                    0x00000b         Data  Gb  vregs.o [4]
?b12                    0x00000c         Data  Gb  vregs.o [4]
?b13                    0x00000d         Data  Gb  vregs.o [4]
?b14                    0x00000e         Data  Gb  vregs.o [4]
?b15                    0x00000f         Data  Gb  vregs.o [4]
?b2                     0x000002         Data  Gb  vregs.o [4]
?b3                     0x000003         Data  Gb  vregs.o [4]
?b4                     0x000004         Data  Gb  vregs.o [4]
?b5                     0x000005         Data  Gb  vregs.o [4]
?b6                     0x000006         Data  Gb  vregs.o [4]
?b7                     0x000007         Data  Gb  vregs.o [4]
?b8                     0x000008         Data  Gb  vregs.o [4]
?b9                     0x000009         Data  Gb  vregs.o [4]
?dc32_l0                0x009d6a         Code  Gb  dc_util.o [4]
?dc32_l1                0x009d96         Code  Gb  dc_util.o [4]
?dec32_0x_0x            0x008706         Code  Gb  long.o [4]
?dec32_l0_l0            0x008701         Code  Gb  long.o [4]
?e0                     0x000001         Data  Gb  vregs.o [4]
?e1                     0x000005         Data  Gb  vregs.o [4]
?e2                     0x000009         Data  Gb  vregs.o [4]
?e3                     0x00000d         Data  Gb  vregs.o [4]
?epilogue_l2            0x00897a         Code  Gb  vreg_util.o [4]
?epilogue_l2_l3         0x008976         Code  Gb  vreg_util.o [4]
?epilogue_l2_w6         0x00897f         Code  Gb  vreg_util.o [4]
?epilogue_w4            0x008988         Code  Gb  vreg_util.o [4]
?inc32_0x_0x            0x0086f3         Code  Gb  long.o [4]
?inc32_l2_l2            0x0086ee         Code  Gb  long.o [4]
?l0                     0x000000         Data  Gb  vregs.o [4]
?l1                     0x000004         Data  Gb  vregs.o [4]
?l2                     0x000008         Data  Gb  vregs.o [4]
?l3                     0x00000c         Data  Gb  vregs.o [4]
?load24_e0_0x           0x00a7c8         Code  Gb  far_util.o [4]
?load24_e0_asp          0x00a7bc         Code  Gb  far_util.o [4]
?load24_e0_xsp          0x00a7be         Code  Gb  far_util.o [4]
?load24_e1_0x           0x00a7d6         Code  Gb  far_util.o [4]
?load32_0x_l0           0x00a32d         Code  Gb  long_util.o [4]
?load32_l0_0x           0x00a317         Code  Gb  long_util.o [4]
?load32_l0_asp          0x00a30b         Code  Gb  long_util.o [4]
?load32_l0_dbsp         0x00a2fd         Code  Gb  long_util.o [4]
?load32_l0_xsp          0x00a30d         Code  Gb  long_util.o [4]
?load32_xsp_l0          0x00a323         Code  Gb  long_util.o [4]
?mov_e0_e2              0x0089b3         Code  Gb  vreg_util.o [4]
?mov_e0_e3              0x0089c0         Code  Gb  vreg_util.o [4]
?mov_e1_e0              0x0089cd         Code  Gb  vreg_util.o [4]
?mov_e2_e0              0x0089da         Code  Gb  vreg_util.o [4]
?mov_e3_e0              0x0089e7         Code  Gb  vreg_util.o [4]
?mov_l0_l2              0x0089b0         Code  Gb  vreg_util.o [4]
?mov_l0_l3              0x0089bd         Code  Gb  vreg_util.o [4]
?mov_l1_l0              0x0089ca         Code  Gb  vreg_util.o [4]
?mov_l2_l0              0x0089d7         Code  Gb  vreg_util.o [4]
?mov_l3_l0              0x0089e4         Code  Gb  vreg_util.o [4]
?mov_w0_w2              0x00898d         Code  Gb  vreg_util.o [4]
?mov_w0_w4              0x008994         Code  Gb  vreg_util.o [4]
?mov_w0_w5              0x00899b         Code  Gb  vreg_util.o [4]
?mov_w1_w5              0x0089b6         Code  Gb  vreg_util.o [4]
?mov_w1_w7              0x0089c3         Code  Gb  vreg_util.o [4]
?mov_w2_w0              0x0089a2         Code  Gb  vreg_util.o [4]
?mov_w3_w1              0x0089d0         Code  Gb  vreg_util.o [4]
?mov_w4_w0              0x0089a9         Code  Gb  vreg_util.o [4]
?mov_w5_w1              0x0089dd         Code  Gb  vreg_util.o [4]
?mov_w7_w1              0x0089ea         Code  Gb  vreg_util.o [4]
?mul16_x_x_w0           0x00a80c         Code  Gb  short.o [4]
?mul32_l0_l0_l1         0x008735         Code  Gb  long.o [4]
?neg32_l0_l0            0x0086de         Code  Gb  long.o [4]
?pop_e2                 0x0088eb         Code  Gb  vreg_util.o [4]
?pop_l0                 0x00893e         Code  Gb  vreg_util.o [4]
?pop_l1                 0x008949         Code  Gb  vreg_util.o [4]
?pop_l2                 0x008954         Code  Gb  vreg_util.o [4]
?pop_l3                 0x00895f         Code  Gb  vreg_util.o [4]
?pop_w4                 0x008899         Code  Gb  vreg_util.o [4]
?pop_w6                 0x0088a0         Code  Gb  vreg_util.o [4]
?push_e0                0x0088b3         Code  Gb  vreg_util.o [4]
?push_e2                0x0088cf         Code  Gb  vreg_util.o [4]
?push_l0                0x008909         Code  Gb  vreg_util.o [4]
?push_l1                0x00890e         Code  Gb  vreg_util.o [4]
?push_l2                0x008913         Code  Gb  vreg_util.o [4]
?push_l3                0x008918         Code  Gb  vreg_util.o [4]
?push_w0                0x00886e         Code  Gb  vreg_util.o [4]
?push_w2                0x008873         Code  Gb  vreg_util.o [4]
?push_w4                0x008878         Code  Gb  vreg_util.o [4]
?push_w6                0x00887d         Code  Gb  vreg_util.o [4]
?sext32_l0_a            0x008861         Code  Gb  long.o [4]
?sext32_l0_x            0x008856         Code  Gb  long.o [4]
?sll16_x_x_a            0x00a82a         Code  Gb  short.o [4]
?sll32_0x_0x_a          0x008848         Code  Gb  long.o [4]
?sll32_l0_l0_a          0x008845         Code  Gb  long.o [4]
?sub32_l0_l0_0x         0x00871d         Code  Gb  long.o [4]
?sub32_l0_l0_l1         0x00871a         Code  Gb  long.o [4]
?udiv32_l0_dl_l1        0x0087b3         Code  Gb  long.o [4]
?udiv32_l0_l0_dl        0x0087b9         Code  Gb  long.o [4]
?udiv32_l0_l0_l1        0x0087bd         Code  Gb  long.o [4]
?umod32_l1_l0_l1        0x0087bd         Code  Gb  long.o [4]
?w0                     0x000000         Data  Gb  vregs.o [4]
?w1                     0x000002         Data  Gb  vregs.o [4]
?w2                     0x000004         Data  Gb  vregs.o [4]
?w3                     0x000006         Data  Gb  vregs.o [4]
?w4                     0x000008         Data  Gb  vregs.o [4]
?w5                     0x00000a         Data  Gb  vregs.o [4]
?w6                     0x00000c         Data  Gb  vregs.o [4]
?w7                     0x00000e         Data  Gb  vregs.o [4]
ADC1_IRQHandler         0x00acc6    0x1  Code  Gb  stm8s_it.o [1]
AWU_IRQHandler          0x00acb6    0x1  Code  Gb  stm8s_it.o [1]
BlueCnt                 0x00011e    0x1  Data  Gb  bluetooth.o [1]
BlueTooth_EnterAT       0x00a491   0x32  Code  Gb  bluetooth.o [1]
BlueTooth_Init          0x009784   0x94  Code  Gb  bluetooth.o [1]
BlueTooth_SendCmd       0x009b87   0x62  Code  Gb  bluetooth.o [1]
BlueTooth_SetName       0x0098a4   0x87  Code  Gb  bluetooth.o [1]
BlueTooth_Test          0x00a4c3   0x32  Code  Gb  bluetooth.o [1]
CLK_CCOConfig           0x009aac   0x78  Code  Gb  stm8s_clk.o [1]
CLK_ClockSwitchCmd      0x00a556   0x30  Code  Gb  stm8s_clk.o [1]
CLK_ClockSwitchConfig   0x008cae  0x134  Code  Gb  stm8s_clk.o [1]
CLK_Config              0x00abf2    0xa  Code  Lc  main.o [1]
CLK_DeInit              0x00a3f2   0x36  Code  Gb  stm8s_clk.o [1]
CLK_GetClockFreq        0x00992b   0x84  Code  Gb  stm8s_clk.o [1]
CLK_HSECmd              0x00a526   0x30  Code  Gb  stm8s_clk.o [1]
CLK_HSIPrescalerConfig  0x00a2bf   0x3e  Code  Gb  stm8s_clk.o [1]
CLK_IRQHandler          0x00acb7    0x1  Code  Gb  stm8s_it.o [1]
CLK_SYSCLKConfig        0x009818   0x8c  Code  Gb  stm8s_clk.o [1]
CSTACK$$Base            0x000600          --   Gb  - Linker created -
CSTACK$$Limit           0x000800          --   Gb  - Linker created -
Check_CS                0x00a6f4   0x28  Code  Gb  dl645.o [1]
DL645_ChangeID          0x000114    0x2  Data  Gb  dl645.o [1]
DL645_Check_Addr        0x00a71c   0x28  Code  Gb  dl645.o [1]
DL645_Data              0x000090   0x3a  Data  Gb  dl645.o [1]
DL645_Device_Control    0x009a2e   0x7e  Code  Gb  dl645.o [1]
DL645_Process           0x009e18   0x54  Code  Gb  dl645.o [1]
DL645_Protocol          0x008eff  0x112  Code  Gb  dl645.o [1]
DL645_ReadAddr          0x0099af   0x7f  Code  Gb  dl645.o [1]
DL645_ReadData          0x0094d9   0xc2  Code  Gb  dl645.o [1]
DL645_Send              0x008de2  0x11d  Code  Gb  dl645.o [1]
DL645_TxFlag            0x000116    0x2  Data  Gb  dl645.o [1]
DL645_WriteAddr         0x0096ee   0x96  Code  Gb  dl645.o [1]
Delay_MS                0x00a744   0x28  Code  Gb  tim4.o [1]
E2Init                  0x00ac7f    0x6  Code  Gb  device_info.o [1]
E2Read                  0x00a1b0   0x46  Code  Gb  device_info.o [1]
E2Write                 0x009ff7   0x4b  Code  Gb  device_info.o [1]
EEPROM_EEC_IRQHandler   0x00acc7    0x1  Code  Gb  stm8s_it.o [1]
EXTI_PORTA_IRQHandler   0x00acb8    0x1  Code  Gb  stm8s_it.o [1]
EXTI_PORTB_IRQHandler   0x00acb9    0x1  Code  Gb  stm8s_it.o [1]
EXTI_PORTC_IRQHandler   0x00acba    0x1  Code  Gb  stm8s_it.o [1]
EXTI_PORTD_IRQHandler   0x00acbb    0x1  Code  Gb  stm8s_it.o [1]
EXTI_PORTE_IRQHandler   0x00acbc    0x1  Code  Gb  stm8s_it.o [1]
FLASH_Lock              0x00a69f   0x2c  Code  Gb  stm8s_flash.o [1]
FLASH_ProgramByte       0x009c4b   0x60  Code  Gb  stm8s_flash.o [1]
FLASH_ReadByte          0x009dc2   0x56  Code  Gb  stm8s_flash.o [1]
FLASH_SetProgrammingTime
                        0x00a616   0x2e  Code  Gb  stm8s_flash.o [1]
FLASH_Unlock            0x00a3b6   0x3c  Code  Gb  stm8s_flash.o [1]
GPIO_Init               0x009011  0x112  Code  Gb  stm8s_gpio.o [1]
GPIO_ReadInputPin       0x00ac71    0x7  Code  Gb  stm8s_gpio.o [1]
GPIO_WriteHigh          0x00ac63    0x7  Code  Gb  stm8s_gpio.o [1]
GPIO_WriteLow           0x00ac4b    0x8  Code  Gb  stm8s_gpio.o [1]
GPIO_WriteReverse       0x00ac6a    0x7  Code  Gb  stm8s_gpio.o [1]
HSIDivFactor            0x00aca7    0x4  Data  Gb  stm8s_clk.o [1]
Hall_Init               0x00aa6b   0x1b  Code  Gb  hall.o [1]
I2C_IRQHandler          0x00acc4    0x1  Code  Gb  stm8s_it.o [1]
INTVEC$$Base            0x008000          --   Gb  - Linker created -
INTVEC$$Limit           0x008080          --   Gb  - Linker created -
KeySta                  0x000010    0x1  Data  Gb  key.o [1]
Key_Driver              0x00a857   0x24  Code  Gb  key.o [1]
Key_Driver::bck         0x000012    0x1  Data  Lc  key.o [1]
Key_Init                0x00ab4e    0xe  Code  Gb  key.o [1]
Key_Scan                0x00a27f   0x40  Code  Gb  key.o [1]
Key_Scan::buf           0x000011    0x1  Data  Lc  key.o [1]
Led1_Flash              0x00a9f9   0x1d  Code  Gb  led.o [1]
Led1_Flash::div         0x000118    0x2  Data  Lc  led.o [1]
Led1_Init               0x00aaa1   0x17  Code  Gb  led.o [1]
Led1_Reverse            0x00abe8    0xa  Code  Gb  led.o [1]
LoadInt                 0x00a1f6   0x45  Code  Lc  xprintfsmall_nomb.o [4]
Motor_Clockwise         0x00aa4f   0x1c  Code  Gb  motor.o [1]
Motor_Counterclockwise  0x00aa33   0x1c  Code  Gb  motor.o [1]
Motor_Driver            0x00959b   0xbd  Code  Gb  motor.o [1]
Motor_Init              0x00a4f5   0x31  Code  Gb  motor.o [1]
Motor_RunSta            0x00011f    0x1  Data  Gb  motor.o [1]
Motor_RunTime           0x00011a    0x2  Data  Gb  motor.o [1]
Motor_RunTimeCount      0x00aa16   0x1d  Code  Gb  motor.o [1]
Motor_Stop              0x00a95e   0x20  Code  Gb  motor.o [1]
ReadDeviceInfo          0x009658   0x96  Code  Gb  device_info.o [1]
Region$$Table$$Base     0x00a94a          --   Gb  - Linker created -
Region$$Table$$Limit    0x00a95e          --   Gb  - Linker created -
SPI_IRQHandler          0x00acbd    0x1  Code  Gb  stm8s_it.o [1]
Stop                    0x000013    0x5  Data  Lc  uart2.o [1]
TIM1_CAP_COM_IRQHandler
                        0x00acbf    0x1  Code  Gb  stm8s_it.o [1]
TIM1_UPD_OVF_TRG_BRK_IRQHandler
                        0x00acbe    0x1  Code  Gb  stm8s_it.o [1]
TIM2_CAP_COM_IRQHandler
                        0x00acc1    0x1  Code  Gb  stm8s_it.o [1]
TIM2_UPD_OVF_BRK_IRQHandler
                        0x00acc0    0x1  Code  Gb  stm8s_it.o [1]
TIM3_CAP_COM_IRQHandler
                        0x00acc3    0x1  Code  Gb  stm8s_it.o [1]
TIM3_UPD_OVF_BRK_IRQHandler
                        0x00acc2    0x1  Code  Gb  stm8s_it.o [1]
TIM4_ClearFlag          0x00a87b   0x24  Code  Gb  stm8s_tim4.o [1]
TIM4_ClearITPendingBit  0x00a89f   0x24  Code  Gb  stm8s_tim4.o [1]
TIM4_Cmd                0x00a586   0x30  Code  Gb  stm8s_tim4.o [1]
TIM4_Config             0x00a908   0x21  Code  Gb  tim4.o [1]
TIM4_ITConfig           0x009ec0   0x52  Code  Gb  stm8s_tim4.o [1]
TIM4_TimeBaseInit       0x009e6c   0x54  Code  Gb  stm8s_tim4.o [1]
TIM4_UPD_OVF_IRQHandler
                        0x009f5f   0x4c  Code  Gb  stm8s_it.o [1]
TIM4_UPD_OVF_IRQHandler::div
                        0x000120    0x1  Data  Lc  stm8s_it.o [1]
TLI_IRQHandler          0x00acb5    0x1  Code  Gb  stm8s_it.o [1]
TRAP_IRQHandler         0x00acb4    0x1  Code  Gb  stm8s_it.o [1]
TimingDelay             0x000110    0x4  Data  Gb  tim4.o [1]
TimingDelay_Decrement   0x00a76c   0x28  Code  Gb  tim4.o [1]
UART2_ClearITPendingBit
                        0x009fab   0x4c  Code  Gb  stm8s_uart2.o [1]
UART2_Cmd               0x00ab5c    0xe  Code  Gb  stm8s_uart2.o [1]
UART2_DeInit            0x00a6cb   0x29  Code  Gb  stm8s_uart2.o [1]
UART2_GetFlagStatus     0x00932d   0xdd  Code  Gb  stm8s_uart2.o [1]
UART2_GetITStatus       0x009123  0x111  Code  Gb  stm8s_uart2.o [1]
UART2_ITConfig          0x009234   0xf9  Code  Gb  stm8s_uart2.o [1]
UART2_Init              0x00848b  0x253  Code  Gb  stm8s_uart2.o [1]
UART2_RX_IRQHandler     0x009b24   0x63  Code  Gb  stm8s_it.o [1]
UART2_ReceiveData8      0x00ac97    0x4  Code  Gb  stm8s_uart2.o [1]
UART2_SendData8         0x00ac9b    0x4  Code  Gb  stm8s_uart2.o [1]
UART2_TX_IRQHandler     0x00acc5    0x1  Code  Gb  stm8s_it.o [1]
Uart2_InitSetPar        0x009f12   0x4d  Code  Gb  uart2.o [1]
Uart2_SendStr           0x00a794   0x28  Code  Gb  uart2.o [1]
Uart2_SendStrLen        0x00a45d   0x34  Code  Gb  uart2.o [1]
Uart_Driver             0x008b72  0x13c  Code  Gb  uart2.o [1]
Uart_Monitor            0x009d0b   0x5f  Code  Gb  uart2.o [1]
_LitobSmallNoMb         0x0089f1  0x181  Code  Lc  xprintfsmall_nomb.o [4]
_PrintfSmallNoMb        0x008080  0x40b  Code  Gb  xprintfsmall_nomb.o [4]
_Prout                  0x00a99e   0x1f  Code  Gb  xprout.o [4]
_PutcharSmallNoMb       0x00a644   0x2e  Code  Lc  xprintfsmall_nomb.o [4]
_PutcharsSmallNoMb      0x00a33b   0x3e  Code  Lc  xprintfsmall_nomb.o [4]
_SProut                 0x00abc7    0xb  Code  Gb  xsprout.o [4]
__DebugBreak            0x00acc8    0x1  Code  Gb  __dbg_break.o [3]
__exit                  0x00aafb   0x16  Code  Gb  __dbg_xxexit.o [3]
__iar_Memchr            0x00a929   0x21  Code  Gb  memchr.o [4]
__iar_Stdout            0x000018   0x28  Data  Gb  xfiles.o [4]
__iar_Strchr            0x00ab26   0x15  Code  Gb  strchr.o [4]
__iar_Strstr            0x009cab   0x60  Code  Gb  strstr.o [4]
__iar_copy_init2        0x00a7e4         Code  Gb  init_small.o [4]
__iar_data_init2        0x00a9bd   0x1e  Code  Gb  init.o [4]
__iar_program_start     0x00aab8         Code  Gb  cstartup.o [4]
__iar_unhandled_exception
                        0x00acae         Code  Gb  unhandled_exception.o [4]
__iar_zero_init2        0x00a9db         Code  Gb  init_small.o [4]
__intvec                0x008000         Data  Gb  interrupt.o [4]
__low_level_init        0x00acab    0x3  Code  Gb  low_level_init.o [4]
_exit                   0x00ac85         Code  Gb  cexit.o [4]
_interrupt_1            0x00acb4         Code  Gb  stm8s_it.o [1]
_interrupt_12           0x00acbd         Code  Gb  stm8s_it.o [1]
_interrupt_13           0x00acbe         Code  Gb  stm8s_it.o [1]
_interrupt_14           0x00acbf         Code  Gb  stm8s_it.o [1]
_interrupt_15           0x00acc0         Code  Gb  stm8s_it.o [1]
_interrupt_16           0x00acc1         Code  Gb  stm8s_it.o [1]
_interrupt_17           0x00acc2         Code  Gb  stm8s_it.o [1]
_interrupt_18           0x00acc3         Code  Gb  stm8s_it.o [1]
_interrupt_2            0x00acb5         Code  Gb  stm8s_it.o [1]
_interrupt_21           0x00acc4         Code  Gb  stm8s_it.o [1]
_interrupt_22           0x00acc5         Code  Gb  stm8s_it.o [1]
_interrupt_23           0x009b24         Code  Gb  stm8s_it.o [1]
_interrupt_24           0x00acc6         Code  Gb  stm8s_it.o [1]
_interrupt_25           0x009f5f         Code  Gb  stm8s_it.o [1]
_interrupt_26           0x00acc7         Code  Gb  stm8s_it.o [1]
_interrupt_3            0x00acb6         Code  Gb  stm8s_it.o [1]
_interrupt_4            0x00acb7         Code  Gb  stm8s_it.o [1]
_interrupt_5            0x00acb8         Code  Gb  stm8s_it.o [1]
_interrupt_6            0x00acb9         Code  Gb  stm8s_it.o [1]
_interrupt_7            0x00acba         Code  Gb  stm8s_it.o [1]
_interrupt_8            0x00acbb         Code  Gb  stm8s_it.o [1]
_interrupt_9            0x00acbc         Code  Gb  stm8s_it.o [1]
aCLK_Config             0x00940a   0xcf  Code  Lc  main.o [1]
action_flag             0x00011c    0x2  Data  Gb  uart2.o [1]
assert_failed           0x00a8e7   0x21  Code  Gb  main.o [1]
data_uart2              0x0000ca   0x37  Data  Gb  uart2.o [1]
dev_info                0x000101    0xf  Data  Gb  device_info.o [1]
exit                    0x00aca3    0x4  Code  Gb  exit.o [4]
fputc                   0x00a97e   0x20  Code  Gb  uart2.o [1]
main                    0x009be9   0x62  Code  Gb  main.o [1]
memcmp                  0x00a5b6   0x30  Code  Gb  memcmp.o [4]
memset                  0x00aae5   0x16  Code  Gb  memset.o [4]
obuf                    0x000040   0x50  Data  Lc  xfiles.o [4]
pad                     0x00a379   0x3d  Code  Lc  xprintfsmall_nomb.o [4]
printf                  0x00a8c3   0x24  Code  Gb  printf.o [4]
putchar                 0x00ac53    0x8  Code  Gb  putchar.o [4]
sprintf                 0x00a23b   0x44  Code  Gb  sprintf.o [4]
strlen                  0x00aba2    0xd  Code  Gb  strlen.o [4]
strncmp                 0x00a428   0x35  Code  Gb  strncmp.o [4]
strstr                  0x00aacf   0x16  Code  Gb  bluetooth.o [1]


[1] = H:\SiShengShiyanJidi\STM8S005K6\stm8s005_template\EWARM\Debug\Obj
[2] = command line
[3] = dbgstm8mmd.a
[4] = dlstm8mmf.a

  10 597 bytes of readonly  code memory
     868 bytes of readonly  data memory
     801 bytes of readwrite data memory

Errors: none
Warnings: none
