###############################################################################
#
# IAR ELF Linker V3.11.1.207 for STM8                     09/Jul/2020  13:54:14
# Copyright 2010-2019 IAR Systems AB.
#
#    Output file  =  
#        H:\SiShengShiyanJidi\13_bleBreak_645\stm8s005_template\EWARM\Debug\Exe\stm8s005_template.out
#    Map file     =  
#        H:\SiShengShiyanJidi\13_bleBreak_645\stm8s005_template\EWARM\Debug\List\stm8s005_template.map
#    Command line =  
#        -f C:\Users\sunxi\AppData\Local\Temp\EWFDEC.tmp
#        (H:\SiShengShiyanJidi\13_bleBreak_645\stm8s005_template\EWARM\Debug\Obj\adc.o
#        H:\SiShengShiyanJidi\13_bleBreak_645\stm8s005_template\EWARM\Debug\Obj\bluetooth.o
#        H:\SiShengShiyanJidi\13_bleBreak_645\stm8s005_template\EWARM\Debug\Obj\device_info.o
#        H:\SiShengShiyanJidi\13_bleBreak_645\stm8s005_template\EWARM\Debug\Obj\dl645.o
#        H:\SiShengShiyanJidi\13_bleBreak_645\stm8s005_template\EWARM\Debug\Obj\hall.o
#        H:\SiShengShiyanJidi\13_bleBreak_645\stm8s005_template\EWARM\Debug\Obj\iwatchdog.o
#        H:\SiShengShiyanJidi\13_bleBreak_645\stm8s005_template\EWARM\Debug\Obj\key.o
#        H:\SiShengShiyanJidi\13_bleBreak_645\stm8s005_template\EWARM\Debug\Obj\led.o
#        H:\SiShengShiyanJidi\13_bleBreak_645\stm8s005_template\EWARM\Debug\Obj\lowpower.o
#        H:\SiShengShiyanJidi\13_bleBreak_645\stm8s005_template\EWARM\Debug\Obj\main.o
#        H:\SiShengShiyanJidi\13_bleBreak_645\stm8s005_template\EWARM\Debug\Obj\motor.o
#        H:\SiShengShiyanJidi\13_bleBreak_645\stm8s005_template\EWARM\Debug\Obj\spi.o
#        H:\SiShengShiyanJidi\13_bleBreak_645\stm8s005_template\EWARM\Debug\Obj\stm8s_adc1.o
#        H:\SiShengShiyanJidi\13_bleBreak_645\stm8s005_template\EWARM\Debug\Obj\stm8s_awu.o
#        H:\SiShengShiyanJidi\13_bleBreak_645\stm8s005_template\EWARM\Debug\Obj\stm8s_beep.o
#        H:\SiShengShiyanJidi\13_bleBreak_645\stm8s005_template\EWARM\Debug\Obj\stm8s_clk.o
#        H:\SiShengShiyanJidi\13_bleBreak_645\stm8s005_template\EWARM\Debug\Obj\stm8s_exti.o
#        H:\SiShengShiyanJidi\13_bleBreak_645\stm8s005_template\EWARM\Debug\Obj\stm8s_flash.o
#        H:\SiShengShiyanJidi\13_bleBreak_645\stm8s005_template\EWARM\Debug\Obj\stm8s_gpio.o
#        H:\SiShengShiyanJidi\13_bleBreak_645\stm8s005_template\EWARM\Debug\Obj\stm8s_i2c.o
#        H:\SiShengShiyanJidi\13_bleBreak_645\stm8s005_template\EWARM\Debug\Obj\stm8s_it.o
#        H:\SiShengShiyanJidi\13_bleBreak_645\stm8s005_template\EWARM\Debug\Obj\stm8s_itc.o
#        H:\SiShengShiyanJidi\13_bleBreak_645\stm8s005_template\EWARM\Debug\Obj\stm8s_iwdg.o
#        H:\SiShengShiyanJidi\13_bleBreak_645\stm8s005_template\EWARM\Debug\Obj\stm8s_rst.o
#        H:\SiShengShiyanJidi\13_bleBreak_645\stm8s005_template\EWARM\Debug\Obj\stm8s_spi.o
#        H:\SiShengShiyanJidi\13_bleBreak_645\stm8s005_template\EWARM\Debug\Obj\stm8s_tim1.o
#        H:\SiShengShiyanJidi\13_bleBreak_645\stm8s005_template\EWARM\Debug\Obj\stm8s_tim2.o
#        H:\SiShengShiyanJidi\13_bleBreak_645\stm8s005_template\EWARM\Debug\Obj\stm8s_tim3.o
#        H:\SiShengShiyanJidi\13_bleBreak_645\stm8s005_template\EWARM\Debug\Obj\stm8s_tim4.o
#        H:\SiShengShiyanJidi\13_bleBreak_645\stm8s005_template\EWARM\Debug\Obj\stm8s_uart2.o
#        H:\SiShengShiyanJidi\13_bleBreak_645\stm8s005_template\EWARM\Debug\Obj\stm8s_wwdg.o
#        H:\SiShengShiyanJidi\13_bleBreak_645\stm8s005_template\EWARM\Debug\Obj\tim4.o
#        H:\SiShengShiyanJidi\13_bleBreak_645\stm8s005_template\EWARM\Debug\Obj\uart2.o
#        --no_out_extension -o
#        H:\SiShengShiyanJidi\13_bleBreak_645\stm8s005_template\EWARM\Debug\Exe\stm8s005_template.out
#        --map
#        H:\SiShengShiyanJidi\13_bleBreak_645\stm8s005_template\EWARM\Debug\List\stm8s005_template.map
#        --config "C:\Program Files (x86)\IAR Systems\Embedded Workbench
#        8.3\stm8\config\lnkstm8s005k6.icf" --config_def _CSTACK_SIZE=0x200
#        --config_def _HEAP_SIZE=0x100 --entry __iar_program_start --debug_lib)
#
###############################################################################

*******************************************************************************
*** RUNTIME MODEL ATTRIBUTES
***

__Heap_Handler             = Basic
__SystemLibrary            = DLib
__code_model               = medium_or_large
__core                     = stm8
__data_model               = medium
__dlib_file_descriptor     = 1
__dlib_full_locale_support = 1
__rt_version               = 4


*******************************************************************************
*** PLACEMENT SUMMARY
***

"A0":  place at start of [0x000000-0x0000ff] { rw section .vregs };
"A1":  place at end of [0x000000-0x0007ff] { block CSTACK };
"P2":  place in [from 0x000000 to 0x0007ff] {
          block HEAP, rw section __DLIB_PERTHREAD, rw section .far.bss,
          rw section .far.data, rw section .far.noinit,
          rw section .far_func.textrw, rw section .huge.bss,
          rw section .huge.data, rw section .huge.noinit,
          rw section .huge_func.textrw, rw section .iar.dynexit,
          rw section .near.bss, rw section .near.data, rw section .near.noinit,
          rw section .near_func.textrw };
"A2":  place at start of [0x008000-0x00ffff] { block INTVEC };
"P3":  place in [from 0x008000 to 0x00ffff] {
          ro section __DLIB_PERTHREAD_init, ro section .far.data_init,
          ro section .far_func.textrw_init, ro section .huge.data_init,
          ro section .huge_func.textrw_init, ro section .iar.init_table,
          ro section .init_array, ro section .near.data_init,
          ro section .near.rodata, ro section .near_func.text,
          ro section .near_func.textrw_init, ro section .tiny.data_init,
          ro section .tiny.rodata_init };
"P4":  place in [from 0x008000 to 0x00ffff] {
          ro section .far.rodata, ro section .far_func.text };
"P5":  place in [from 0x008000 to 0x00ffff] {
          ro section .huge.rodata, ro section .huge_func.text };
do not initialize {
   rw section .eeprom.noinit, rw section .far.noinit, rw section .huge.noinit,
   rw section .near.noinit, rw section .tiny.noinit, rw section .vregs };
initialize by copy {
   rw section .far.bss, rw section .far.data, rw section .far_func.textrw,
   rw section .huge.bss, rw section .huge.data, rw section .huge_func.textrw,
   rw section .iar.dynexit, rw section .near.bss, rw section .near.data,
   rw section .near_func.textrw, rw section .tiny.bss, rw section .tiny.data,
   ro section .tiny.rodata };

No sections matched the following patterns:

  ro section .far.data_init          in "P3-P5"
  ro section .far.rodata             in "P3-P5"
  ro section .far_func.textrw_init   in "P3-P5"
  ro section .huge.data_init         in "P3-P5"
  ro section .huge.rodata            in "P3-P5"
  ro section .huge_func.text         in "P3-P5"
  ro section .huge_func.textrw_init  in "P3-P5"
  ro section .iar.init_table         in "P3-P5"
  ro section .init_array             in "P3-P5"
  ro section .near_func.text         in "P3-P5"
  ro section .near_func.textrw_init  in "P3-P5"
  ro section .tiny.data_init         in "P3-P5"
  ro section .tiny.rodata_init       in "P3-P5"
  ro section __DLIB_PERTHREAD_init   in "P3-P5"
  rw section .far.bss                in "P2"
  rw section .far.data               in "P2"
  rw section .far.noinit             in "P2"
  rw section .far_func.textrw        in "P2"
  rw section .huge.bss               in "P2"
  rw section .huge.data              in "P2"
  rw section .huge.noinit            in "P2"
  rw section .huge_func.textrw       in "P2"
  rw section .iar.dynexit            in "P2"
  rw section .near.noinit            in "P2"
  rw section .near_func.textrw       in "P2"
  rw section .tiny.bss               in "P1"
  rw section .tiny.data              in "P1"
  rw section .tiny.noinit            in "P1"
  rw section .tiny.rodata            in "P1"
  rw section __DLIB_PERTHREAD        in "P2"
  section .eeprom.data               in "P6-P8"
  section .eeprom.noinit             in "P6-P8"
  section .eeprom.rodata             in "P6-P8"


  Section            Kind      Address    Size  Object
  -------            ----      -------    ----  ------
"A0":                                     0x10
  .vregs             uninit   0x000000    0x10  vregs.o [4]
                            - 0x000010    0x10

"P2", part 1 of 2:                        0x30
  P2-1                        0x000010    0x30  <Init block>
    .near.data       inited   0x000010     0x1  key.o [1]
    .near.data       inited   0x000011     0x1  key.o [1]
    .near.data       inited   0x000012     0x1  key.o [1]
    .near.data       inited   0x000013     0x5  uart2.o [1]
    .near.data       inited   0x000018    0x28  xfiles.o [4]
                            - 0x000040    0x30

"P2", part 2 of 2:                        0xe1
  .near.bss          zero     0x000040    0x50  xfiles.o [4]
  .near.bss          zero     0x000090    0x3a  dl645.o [1]
  .near.bss          zero     0x0000ca    0x37  uart2.o [1]
  .near.bss          zero     0x000101     0xf  device_info.o [1]
  .near.bss          zero     0x000110     0x4  tim4.o [1]
  .near.bss          zero     0x000114     0x2  dl645.o [1]
  .near.bss          zero     0x000116     0x2  dl645.o [1]
  .near.bss          zero     0x000118     0x2  led.o [1]
  .near.bss          zero     0x00011a     0x2  motor.o [1]
  .near.bss          zero     0x00011c     0x2  uart2.o [1]
  .near.bss          zero     0x00011e     0x1  bluetooth.o [1]
  .near.bss          zero     0x00011f     0x1  motor.o [1]
  .near.bss          zero     0x000120     0x1  stm8s_it.o [1]
                            - 0x000121    0xe1

"A1":                                    0x200
  CSTACK                      0x000600   0x200  <Block>
    CSTACK           uninit   0x000600   0x200  <Block tail>
                            - 0x000800   0x200

"A2":                                     0x80
  INTVEC                      0x008000    0x80  <Block>
    .intvec          const    0x008000    0x80  interrupt.o [4]
                            - 0x008080    0x80

"P3-P5":                                0x28f7
  .far_func.text     ro code  0x008080   0x40b  xprintfsmall_nomb.o [4]
  .far_func.text     ro code  0x00848b   0x253  stm8s_uart2.o [1]
  .far_func.text     ro code  0x0086de   0x190  long.o [4]
  .far_func.text     ro code  0x00886e   0x183  vreg_util.o [4]
  .far_func.text     ro code  0x0089f1   0x181  xprintfsmall_nomb.o [4]
  .far_func.text     ro code  0x008b72   0x13c  uart2.o [1]
  .far_func.text     ro code  0x008cae   0x11d  dl645.o [1]
  .far_func.text     ro code  0x008dcb   0x112  dl645.o [1]
  .far_func.text     ro code  0x008edd   0x112  stm8s_gpio.o [1]
  .far_func.text     ro code  0x008fef   0x111  stm8s_uart2.o [1]
  .far_func.text     ro code  0x009100    0xf9  stm8s_uart2.o [1]
  .far_func.text     ro code  0x0091f9    0xdd  stm8s_uart2.o [1]
  .far_func.text     ro code  0x0092d6    0xc2  dl645.o [1]
  .far_func.text     ro code  0x009398    0xbd  motor.o [1]
  .far_func.text     ro code  0x009455    0x96  device_info.o [1]
  .far_func.text     ro code  0x0094eb    0x96  dl645.o [1]
  .far_func.text     ro code  0x009581    0x94  bluetooth.o [1]
  .far_func.text     ro code  0x009615    0x87  bluetooth.o [1]
  .far_func.text     ro code  0x00969c    0x84  stm8s_clk.o [1]
  .far_func.text     ro code  0x009720    0x7f  dl645.o [1]
  .far_func.text     ro code  0x00979f    0x7e  dl645.o [1]
  .far_func.text     ro code  0x00981d    0x63  stm8s_it.o [1]
  .far_func.text     ro code  0x009880    0x62  bluetooth.o [1]
  .far_func.text     ro code  0x0098e2    0x60  stm8s_flash.o [1]
  .far_func.text     ro code  0x009942    0x60  strstr.o [4]
  .far_func.text     ro code  0x0099a2    0x5f  uart2.o [1]
  .far_func.text     ro code  0x009a01    0x5e  main.o [1]
  .far_func.text     ro code  0x009a5f    0x58  dc_util.o [4]
  .far_func.text     ro code  0x009ab7    0x56  stm8s_flash.o [1]
  .far_func.text     ro code  0x009b0d    0x54  dl645.o [1]
  .far_func.text     ro code  0x009b61    0x54  stm8s_tim4.o [1]
  .far_func.text     ro code  0x009bb5    0x52  stm8s_tim4.o [1]
  .near.rodata       const    0x009c07    0x4f  stm8s_flash.o [1]
  .near.rodata       const    0x009c56    0x4f  stm8s_uart2.o [1]
  .near.rodata       const    0x009ca5    0x4e  stm8s_gpio.o [1]
  .near.rodata       const    0x009cf3    0x4e  stm8s_tim4.o [1]
  .far_func.text     ro code  0x009d41    0x4d  uart2.o [1]
  .near.rodata       const    0x009d8e    0x4d  stm8s_clk.o [1]
  .far_func.text     ro code  0x009ddb    0x4c  stm8s_it.o [1]
  .far_func.text     ro code  0x009e27    0x4c  stm8s_uart2.o [1]
  .far_func.text     ro code  0x009e73    0x4b  device_info.o [1]
  .far_func.text     ro code  0x009ebe    0x46  device_info.o [1]
  .far_func.text     ro code  0x009f04    0x45  xprintfsmall_nomb.o [4]
  .far_func.text     ro code  0x009f49    0x44  sprintf.o [4]
  .far_func.text     ro code  0x009f8d    0x40  key.o [1]
  .far_func.text     ro code  0x009fcd    0x3e  stm8s_clk.o [1]
  .far_func.text     ro code  0x00a00b    0x3e  long_util.o [4]
  .far_func.text     ro code  0x00a049    0x3e  xprintfsmall_nomb.o [4]
  .far_func.text     ro code  0x00a087    0x3d  xprintfsmall_nomb.o [4]
  .far_func.text     ro code  0x00a0c4    0x3c  stm8s_flash.o [1]
  .far_func.text     ro code  0x00a100    0x36  stm8s_clk.o [1]
  .far_func.text     ro code  0x00a136    0x35  strncmp.o [4]
  .far_func.text     ro code  0x00a16b    0x34  uart2.o [1]
  .far_func.text     ro code  0x00a19f    0x32  bluetooth.o [1]
  .far_func.text     ro code  0x00a1d1    0x32  bluetooth.o [1]
  .far_func.text     ro code  0x00a203    0x31  motor.o [1]
  .far_func.text     ro code  0x00a234    0x30  stm8s_tim4.o [1]
  .far_func.text     ro code  0x00a264    0x30  memcmp.o [4]
  Initializer bytes  const    0x00a294    0x30  <for P2-1>
  .far_func.text     ro code  0x00a2c4    0x2e  stm8s_flash.o [1]
  .far_func.text     ro code  0x00a2f2    0x2e  xprintfsmall_nomb.o [4]
  .near.rodata       const    0x00a320    0x2d  main.o [1]
  .far_func.text     ro code  0x00a34d    0x2c  stm8s_flash.o [1]
  .far_func.text     ro code  0x00a379    0x29  stm8s_uart2.o [1]
  .far_func.text     ro code  0x00a3a2    0x28  dl645.o [1]
  .far_func.text     ro code  0x00a3ca    0x28  dl645.o [1]
  .far_func.text     ro code  0x00a3f2    0x28  tim4.o [1]
  .far_func.text     ro code  0x00a41a    0x28  tim4.o [1]
  .far_func.text     ro code  0x00a442    0x28  uart2.o [1]
  .far_func.text     ro code  0x00a46a    0x28  far_util.o [4]
  .far_func.text     ro code  0x00a492    0x28  init_small.o [4]
  .far_func.text     ro code  0x00a4ba    0x26  short.o [4]
  .near.rodata       const    0x00a4e0    0x25  bluetooth.o [1]
  .far_func.text     ro code  0x00a505    0x24  key.o [1]
  .far_func.text     ro code  0x00a529    0x24  stm8s_tim4.o [1]
  .far_func.text     ro code  0x00a54d    0x24  stm8s_tim4.o [1]
  .far_func.text     ro code  0x00a571    0x24  printf.o [4]
  .far_func.text     ro code  0x00a595    0x21  main.o [1]
  .far_func.text     ro code  0x00a5b6    0x21  tim4.o [1]
  .far_func.text     ro code  0x00a5d7    0x21  memchr.o [4]
  .iar.init_table    const    0x00a5f8    0x14  - Linker created -
  .far_func.text     ro code  0x00a60c    0x20  motor.o [1]
  .far_func.text     ro code  0x00a62c    0x20  uart2.o [1]
  .far_func.text     ro code  0x00a64c    0x1f  xprout.o [4]
  .far_func.text     ro code  0x00a66b    0x1e  init.o [4]
  .far_func.text     ro code  0x00a689    0x1e  init_small.o [4]
  .far_func.text     ro code  0x00a6a7    0x1d  led.o [1]
  .far_func.text     ro code  0x00a6c4    0x1d  motor.o [1]
  .far_func.text     ro code  0x00a6e1    0x1c  motor.o [1]
  .far_func.text     ro code  0x00a6fd    0x1c  motor.o [1]
  .far_func.text     ro code  0x00a719    0x1b  hall.o [1]
  .near.rodata       const    0x00a734    0x1b  bluetooth.o [1]
  .far_func.text     ro code  0x00a74f    0x17  led.o [1]
  .far_func.text     ro code  0x00a766    0x17  cstartup.o [4]
  .far_func.text     ro code  0x00a77d    0x16  bluetooth.o [1]
  .far_func.text     ro code  0x00a793    0x16  memset.o [4]
  .far_func.text     ro code  0x00a7a9    0x16  __dbg_xxexit.o [3]
  .far_func.text     ro code  0x00a7bf    0x15  xprintfsmall_nomb.o [4]
  .far_func.text     ro code  0x00a7d4    0x15  strchr.o [4]
  .near.rodata       const    0x00a7e9    0x13  uart2.o [1]
  .far_func.text     ro code  0x00a7fc     0xe  key.o [1]
  .far_func.text     ro code  0x00a80a     0xe  stm8s_uart2.o [1]
  .near.rodata       const    0x00a818     0xe  key.o [1]
  .near.rodata       const    0x00a826     0xe  key.o [1]
  .near.rodata       const    0x00a834     0xe  uart2.o [1]
  .near.rodata       const    0x00a842     0xe  uart2.o [1]
  .far_func.text     ro code  0x00a850     0xd  strlen.o [4]
  .far_func.text     ro code  0x00a85d     0xc  xprintfsmall_nomb.o [4]
  .near.rodata       const    0x00a869     0xc  bluetooth.o [1]
  .far_func.text     ro code  0x00a875     0xb  xsprout.o [4]
  .far_func.text     ro code  0x00a880     0xb  xprintfsmall_nomb.o [4]
  .near.rodata       const    0x00a88b     0xb  bluetooth.o [1]
  .far_func.text     ro code  0x00a896     0xa  led.o [1]
  .far_func.text     ro code  0x00a8a0     0xa  main.o [1]
  .near.rodata       const    0x00a8aa     0xa  bluetooth.o [1]
  .near.rodata       const    0x00a8b4     0xa  bluetooth.o [1]
  .near.rodata       const    0x00a8be     0xa  bluetooth.o [1]
  .near.rodata       const    0x00a8c8     0xa  uart2.o [1]
  .near.rodata       const    0x00a8d2     0xa  uart2.o [1]
  .near.rodata       const    0x00a8dc     0xa  uart2.o [1]
  .near.rodata       const    0x00a8e6     0xa  uart2.o [1]
  .near.rodata       const    0x00a8f0     0x9  bluetooth.o [1]
  .far_func.text     ro code  0x00a8f9     0x8  stm8s_gpio.o [1]
  .far_func.text     ro code  0x00a901     0x8  putchar.o [4]
  .far_func.text     ro code  0x00a909     0x8  xprintfsmall_nomb.o [4]
  .far_func.text     ro code  0x00a911     0x7  stm8s_gpio.o [1]
  .far_func.text     ro code  0x00a918     0x7  stm8s_gpio.o [1]
  .far_func.text     ro code  0x00a91f     0x7  stm8s_gpio.o [1]
  .near.rodata       const    0x00a926     0x7  xprintfsmall_nomb.o [4]
  .far_func.text     ro code  0x00a92d     0x6  device_info.o [1]
  .far_func.text     ro code  0x00a933     0x6  cexit.o [4]
  .far_func.text     ro code  0x00a939     0x6  xprintfsmall_nomb.o [4]
  .near.rodata       const    0x00a93f     0x6  uart2.o [1]
  .far_func.text     ro code  0x00a945     0x4  stm8s_uart2.o [1]
  .far_func.text     ro code  0x00a949     0x4  stm8s_uart2.o [1]
  .far_func.text     ro code  0x00a94d     0x4  interrupt.o [4]
  .far_func.text     ro code  0x00a951     0x4  exit.o [4]
  .near.rodata       const    0x00a955     0x4  stm8s_clk.o [1]
  .far_func.text     ro code  0x00a959     0x3  low_level_init.o [4]
  .far_func.text     ro code  0x00a95c     0x3  unhandled_exception.o [4]
  .near.rodata       const    0x00a95f     0x3  bluetooth.o [1]
  .far_func.text     ro code  0x00a962     0x1  stm8s_it.o [1]
  .far_func.text     ro code  0x00a963     0x1  stm8s_it.o [1]
  .far_func.text     ro code  0x00a964     0x1  stm8s_it.o [1]
  .far_func.text     ro code  0x00a965     0x1  stm8s_it.o [1]
  .far_func.text     ro code  0x00a966     0x1  stm8s_it.o [1]
  .far_func.text     ro code  0x00a967     0x1  stm8s_it.o [1]
  .far_func.text     ro code  0x00a968     0x1  stm8s_it.o [1]
  .far_func.text     ro code  0x00a969     0x1  stm8s_it.o [1]
  .far_func.text     ro code  0x00a96a     0x1  stm8s_it.o [1]
  .far_func.text     ro code  0x00a96b     0x1  stm8s_it.o [1]
  .far_func.text     ro code  0x00a96c     0x1  stm8s_it.o [1]
  .far_func.text     ro code  0x00a96d     0x1  stm8s_it.o [1]
  .far_func.text     ro code  0x00a96e     0x1  stm8s_it.o [1]
  .far_func.text     ro code  0x00a96f     0x1  stm8s_it.o [1]
  .far_func.text     ro code  0x00a970     0x1  stm8s_it.o [1]
  .far_func.text     ro code  0x00a971     0x1  stm8s_it.o [1]
  .far_func.text     ro code  0x00a972     0x1  stm8s_it.o [1]
  .far_func.text     ro code  0x00a973     0x1  stm8s_it.o [1]
  .far_func.text     ro code  0x00a974     0x1  stm8s_it.o [1]
  .far_func.text     ro code  0x00a975     0x1  stm8s_it.o [1]
  .far_func.text     ro code  0x00a976     0x1  __dbg_break.o [3]
                            - 0x00a977  0x28f7


*******************************************************************************
*** INIT TABLE
***

          Address   Size
          -------   ----
Zero (__iar_zero_init2)
    1 destination range, total size 0xe1:
          0x000040  0xe1

Copy (__iar_copy_init2)
    1 source range, total size 0x30:
          0x00a294  0x30
    1 destination range, total size 0x30:
          0x000010  0x30



*******************************************************************************
*** MODULE SUMMARY
***

    Module                 ro code  ro data  rw data
    ------                 -------  -------  -------
H:\SiShengShiyanJidi\13_bleBreak_645\stm8s005_template\EWARM\Debug\Obj: [1]
    bluetooth.o                503      129        1
    device_info.o              301                15
    dl645.o                  1 320                62
    hall.o                      27
    key.o                      114       31        3
    led.o                       62                 2
    main.o                     137       45
    motor.o                    355                 3
    stm8s_clk.o                248       81
    stm8s_flash.o              332       79
    stm8s_gpio.o               303       78
    stm8s_it.o                 195                 1
    stm8s_tim4.o               286       78
    stm8s_uart2.o            1 477       79
    tim4.o                     113                 4
    uart2.o                    612       98       62
    ------------------------------------------------
    Total:                   6 385      698      153

command line: [2]
    ------------------------------------------------
    Total:

dbgstm8mmd.a: [3]
    __dbg_break.o                1
    __dbg_xxexit.o              22
    ------------------------------------------------
    Total:                      23

dlstm8mmf.a: [4]
    cexit.o                      6
    cstartup.o                  23
    dc_util.o                   88
    exit.o                       4
    far_util.o                  40
    init.o                      30
    init_small.o                70
    interrupt.o                  4      128
    long.o                     400
    long_util.o                 62
    low_level_init.o             3
    memchr.o                    33
    memcmp.o                    48
    memset.o                    22
    printf.o                    36
    putchar.o                    8
    short.o                     38
    sprintf.o                   68
    strchr.o                    21
    strlen.o                    13
    strncmp.o                   53
    strstr.o                    96
    unhandled_exception.o        3
    vreg_util.o                387
    vregs.o                                       16
    xfiles.o                             40      120
    xprintfsmall_nomb.o      1 716        7
    xprout.o                    31
    xsprout.o                   11
    ------------------------------------------------
    Total:                   3 314      175      136

    Linker created                       20      512
----------------------------------------------------
    Grand Total:             9 722      893      801


*******************************************************************************
*** ENTRY LIST
***

Entry                    Address   Size  Type      Object
-----                    -------   ----  ----      ------
.iar.init_table$$Base   0x00a5f8          --   Gb  - Linker created -
.iar.init_table$$Limit  0x00a60c          --   Gb  - Linker created -
?and32_l0_l0_0x         0x00882d         Code  Gb  long.o [4]
?and32_l0_l0_l1         0x00882a         Code  Gb  long.o [4]
?b0                     0x000000         Data  Gb  vregs.o [4]
?b1                     0x000001         Data  Gb  vregs.o [4]
?b10                    0x00000a         Data  Gb  vregs.o [4]
?b11                    0x00000b         Data  Gb  vregs.o [4]
?b12                    0x00000c         Data  Gb  vregs.o [4]
?b13                    0x00000d         Data  Gb  vregs.o [4]
?b14                    0x00000e         Data  Gb  vregs.o [4]
?b15                    0x00000f         Data  Gb  vregs.o [4]
?b2                     0x000002         Data  Gb  vregs.o [4]
?b3                     0x000003         Data  Gb  vregs.o [4]
?b4                     0x000004         Data  Gb  vregs.o [4]
?b5                     0x000005         Data  Gb  vregs.o [4]
?b6                     0x000006         Data  Gb  vregs.o [4]
?b7                     0x000007         Data  Gb  vregs.o [4]
?b8                     0x000008         Data  Gb  vregs.o [4]
?b9                     0x000009         Data  Gb  vregs.o [4]
?dc32_l0                0x009a5f         Code  Gb  dc_util.o [4]
?dc32_l1                0x009a8b         Code  Gb  dc_util.o [4]
?dec32_0x_0x            0x008706         Code  Gb  long.o [4]
?dec32_l0_l0            0x008701         Code  Gb  long.o [4]
?e0                     0x000001         Data  Gb  vregs.o [4]
?e1                     0x000005         Data  Gb  vregs.o [4]
?e2                     0x000009         Data  Gb  vregs.o [4]
?e3                     0x00000d         Data  Gb  vregs.o [4]
?epilogue_l2            0x00897a         Code  Gb  vreg_util.o [4]
?epilogue_l2_l3         0x008976         Code  Gb  vreg_util.o [4]
?epilogue_l2_w6         0x00897f         Code  Gb  vreg_util.o [4]
?epilogue_w4            0x008988         Code  Gb  vreg_util.o [4]
?inc32_0x_0x            0x0086f3         Code  Gb  long.o [4]
?inc32_l2_l2            0x0086ee         Code  Gb  long.o [4]
?l0                     0x000000         Data  Gb  vregs.o [4]
?l1                     0x000004         Data  Gb  vregs.o [4]
?l2                     0x000008         Data  Gb  vregs.o [4]
?l3                     0x00000c         Data  Gb  vregs.o [4]
?load24_e0_0x           0x00a476         Code  Gb  far_util.o [4]
?load24_e0_asp          0x00a46a         Code  Gb  far_util.o [4]
?load24_e0_xsp          0x00a46c         Code  Gb  far_util.o [4]
?load24_e1_0x           0x00a484         Code  Gb  far_util.o [4]
?load32_0x_l0           0x00a03b         Code  Gb  long_util.o [4]
?load32_l0_0x           0x00a025         Code  Gb  long_util.o [4]
?load32_l0_asp          0x00a019         Code  Gb  long_util.o [4]
?load32_l0_dbsp         0x00a00b         Code  Gb  long_util.o [4]
?load32_l0_xsp          0x00a01b         Code  Gb  long_util.o [4]
?load32_xsp_l0          0x00a031         Code  Gb  long_util.o [4]
?mov_e0_e2              0x0089b3         Code  Gb  vreg_util.o [4]
?mov_e0_e3              0x0089c0         Code  Gb  vreg_util.o [4]
?mov_e1_e0              0x0089cd         Code  Gb  vreg_util.o [4]
?mov_e2_e0              0x0089da         Code  Gb  vreg_util.o [4]
?mov_e3_e0              0x0089e7         Code  Gb  vreg_util.o [4]
?mov_l0_l2              0x0089b0         Code  Gb  vreg_util.o [4]
?mov_l0_l3              0x0089bd         Code  Gb  vreg_util.o [4]
?mov_l1_l0              0x0089ca         Code  Gb  vreg_util.o [4]
?mov_l2_l0              0x0089d7         Code  Gb  vreg_util.o [4]
?mov_l3_l0              0x0089e4         Code  Gb  vreg_util.o [4]
?mov_w0_w2              0x00898d         Code  Gb  vreg_util.o [4]
?mov_w0_w4              0x008994         Code  Gb  vreg_util.o [4]
?mov_w0_w5              0x00899b         Code  Gb  vreg_util.o [4]
?mov_w1_w5              0x0089b6         Code  Gb  vreg_util.o [4]
?mov_w1_w7              0x0089c3         Code  Gb  vreg_util.o [4]
?mov_w2_w0              0x0089a2         Code  Gb  vreg_util.o [4]
?mov_w3_w1              0x0089d0         Code  Gb  vreg_util.o [4]
?mov_w4_w0              0x0089a9         Code  Gb  vreg_util.o [4]
?mov_w5_w1              0x0089dd         Code  Gb  vreg_util.o [4]
?mov_w7_w1              0x0089ea         Code  Gb  vreg_util.o [4]
?mul16_x_x_w0           0x00a4ba         Code  Gb  short.o [4]
?mul32_l0_l0_l1         0x008735         Code  Gb  long.o [4]
?neg32_l0_l0            0x0086de         Code  Gb  long.o [4]
?pop_e2                 0x0088eb         Code  Gb  vreg_util.o [4]
?pop_l0                 0x00893e         Code  Gb  vreg_util.o [4]
?pop_l1                 0x008949         Code  Gb  vreg_util.o [4]
?pop_l2                 0x008954         Code  Gb  vreg_util.o [4]
?pop_l3                 0x00895f         Code  Gb  vreg_util.o [4]
?pop_w4                 0x008899         Code  Gb  vreg_util.o [4]
?pop_w6                 0x0088a0         Code  Gb  vreg_util.o [4]
?push_e0                0x0088b3         Code  Gb  vreg_util.o [4]
?push_e2                0x0088cf         Code  Gb  vreg_util.o [4]
?push_l0                0x008909         Code  Gb  vreg_util.o [4]
?push_l1                0x00890e         Code  Gb  vreg_util.o [4]
?push_l2                0x008913         Code  Gb  vreg_util.o [4]
?push_l3                0x008918         Code  Gb  vreg_util.o [4]
?push_w0                0x00886e         Code  Gb  vreg_util.o [4]
?push_w2                0x008873         Code  Gb  vreg_util.o [4]
?push_w4                0x008878         Code  Gb  vreg_util.o [4]
?push_w6                0x00887d         Code  Gb  vreg_util.o [4]
?sext32_l0_a            0x008861         Code  Gb  long.o [4]
?sext32_l0_x            0x008856         Code  Gb  long.o [4]
?sll16_x_x_a            0x00a4d8         Code  Gb  short.o [4]
?sll32_0x_0x_a          0x008848         Code  Gb  long.o [4]
?sll32_l0_l0_a          0x008845         Code  Gb  long.o [4]
?sub32_l0_l0_0x         0x00871d         Code  Gb  long.o [4]
?sub32_l0_l0_l1         0x00871a         Code  Gb  long.o [4]
?udiv32_l0_dl_l1        0x0087b3         Code  Gb  long.o [4]
?udiv32_l0_l0_dl        0x0087b9         Code  Gb  long.o [4]
?udiv32_l0_l0_l1        0x0087bd         Code  Gb  long.o [4]
?umod32_l1_l0_l1        0x0087bd         Code  Gb  long.o [4]
?w0                     0x000000         Data  Gb  vregs.o [4]
?w1                     0x000002         Data  Gb  vregs.o [4]
?w2                     0x000004         Data  Gb  vregs.o [4]
?w3                     0x000006         Data  Gb  vregs.o [4]
?w4                     0x000008         Data  Gb  vregs.o [4]
?w5                     0x00000a         Data  Gb  vregs.o [4]
?w6                     0x00000c         Data  Gb  vregs.o [4]
?w7                     0x00000e         Data  Gb  vregs.o [4]
ADC1_IRQHandler         0x00a974    0x1  Code  Gb  stm8s_it.o [1]
AWU_IRQHandler          0x00a964    0x1  Code  Gb  stm8s_it.o [1]
BlueCnt                 0x00011e    0x1  Data  Gb  bluetooth.o [1]
BlueTooth_EnterAT       0x00a19f   0x32  Code  Gb  bluetooth.o [1]
BlueTooth_Init          0x009581   0x94  Code  Gb  bluetooth.o [1]
BlueTooth_SendCmd       0x009880   0x62  Code  Gb  bluetooth.o [1]
BlueTooth_SetName       0x009615   0x87  Code  Gb  bluetooth.o [1]
BlueTooth_Test          0x00a1d1   0x32  Code  Gb  bluetooth.o [1]
CLK_Config              0x00a8a0    0xa  Code  Lc  main.o [1]
CLK_DeInit              0x00a100   0x36  Code  Gb  stm8s_clk.o [1]
CLK_GetClockFreq        0x00969c   0x84  Code  Gb  stm8s_clk.o [1]
CLK_HSIPrescalerConfig  0x009fcd   0x3e  Code  Gb  stm8s_clk.o [1]
CLK_IRQHandler          0x00a965    0x1  Code  Gb  stm8s_it.o [1]
CSTACK$$Base            0x000600          --   Gb  - Linker created -
CSTACK$$Limit           0x000800          --   Gb  - Linker created -
Check_CS                0x00a3a2   0x28  Code  Gb  dl645.o [1]
DL645_ChangeID          0x000114    0x2  Data  Gb  dl645.o [1]
DL645_Check_Addr        0x00a3ca   0x28  Code  Gb  dl645.o [1]
DL645_Data              0x000090   0x3a  Data  Gb  dl645.o [1]
DL645_Device_Control    0x00979f   0x7e  Code  Gb  dl645.o [1]
DL645_Process           0x009b0d   0x54  Code  Gb  dl645.o [1]
DL645_Protocol          0x008dcb  0x112  Code  Gb  dl645.o [1]
DL645_ReadAddr          0x009720   0x7f  Code  Gb  dl645.o [1]
DL645_ReadData          0x0092d6   0xc2  Code  Gb  dl645.o [1]
DL645_Send              0x008cae  0x11d  Code  Gb  dl645.o [1]
DL645_TxFlag            0x000116    0x2  Data  Gb  dl645.o [1]
DL645_WriteAddr         0x0094eb   0x96  Code  Gb  dl645.o [1]
Delay_MS                0x00a3f2   0x28  Code  Gb  tim4.o [1]
E2Init                  0x00a92d    0x6  Code  Gb  device_info.o [1]
E2Read                  0x009ebe   0x46  Code  Gb  device_info.o [1]
E2Write                 0x009e73   0x4b  Code  Gb  device_info.o [1]
EEPROM_EEC_IRQHandler   0x00a975    0x1  Code  Gb  stm8s_it.o [1]
EXTI_PORTA_IRQHandler   0x00a966    0x1  Code  Gb  stm8s_it.o [1]
EXTI_PORTB_IRQHandler   0x00a967    0x1  Code  Gb  stm8s_it.o [1]
EXTI_PORTC_IRQHandler   0x00a968    0x1  Code  Gb  stm8s_it.o [1]
EXTI_PORTD_IRQHandler   0x00a969    0x1  Code  Gb  stm8s_it.o [1]
EXTI_PORTE_IRQHandler   0x00a96a    0x1  Code  Gb  stm8s_it.o [1]
FLASH_Lock              0x00a34d   0x2c  Code  Gb  stm8s_flash.o [1]
FLASH_ProgramByte       0x0098e2   0x60  Code  Gb  stm8s_flash.o [1]
FLASH_ReadByte          0x009ab7   0x56  Code  Gb  stm8s_flash.o [1]
FLASH_SetProgrammingTime
                        0x00a2c4   0x2e  Code  Gb  stm8s_flash.o [1]
FLASH_Unlock            0x00a0c4   0x3c  Code  Gb  stm8s_flash.o [1]
GPIO_Init               0x008edd  0x112  Code  Gb  stm8s_gpio.o [1]
GPIO_ReadInputPin       0x00a91f    0x7  Code  Gb  stm8s_gpio.o [1]
GPIO_WriteHigh          0x00a911    0x7  Code  Gb  stm8s_gpio.o [1]
GPIO_WriteLow           0x00a8f9    0x8  Code  Gb  stm8s_gpio.o [1]
GPIO_WriteReverse       0x00a918    0x7  Code  Gb  stm8s_gpio.o [1]
HSIDivFactor            0x00a955    0x4  Data  Gb  stm8s_clk.o [1]
Hall_Init               0x00a719   0x1b  Code  Gb  hall.o [1]
I2C_IRQHandler          0x00a972    0x1  Code  Gb  stm8s_it.o [1]
INTVEC$$Base            0x008000          --   Gb  - Linker created -
INTVEC$$Limit           0x008080          --   Gb  - Linker created -
KeySta                  0x000010    0x1  Data  Gb  key.o [1]
Key_Driver              0x00a505   0x24  Code  Gb  key.o [1]
Key_Driver::bck         0x000012    0x1  Data  Lc  key.o [1]
Key_Init                0x00a7fc    0xe  Code  Gb  key.o [1]
Key_Scan                0x009f8d   0x40  Code  Gb  key.o [1]
Key_Scan::buf           0x000011    0x1  Data  Lc  key.o [1]
Led1_Flash              0x00a6a7   0x1d  Code  Gb  led.o [1]
Led1_Flash::div         0x000118    0x2  Data  Lc  led.o [1]
Led1_Init               0x00a74f   0x17  Code  Gb  led.o [1]
Led1_Reverse            0x00a896    0xa  Code  Gb  led.o [1]
LoadInt                 0x009f04   0x45  Code  Lc  xprintfsmall_nomb.o [4]
Motor_Clockwise         0x00a6fd   0x1c  Code  Gb  motor.o [1]
Motor_Counterclockwise  0x00a6e1   0x1c  Code  Gb  motor.o [1]
Motor_Driver            0x009398   0xbd  Code  Gb  motor.o [1]
Motor_Init              0x00a203   0x31  Code  Gb  motor.o [1]
Motor_RunSta            0x00011f    0x1  Data  Gb  motor.o [1]
Motor_RunTime           0x00011a    0x2  Data  Gb  motor.o [1]
Motor_RunTimeCount      0x00a6c4   0x1d  Code  Gb  motor.o [1]
Motor_Stop              0x00a60c   0x20  Code  Gb  motor.o [1]
ReadDeviceInfo          0x009455   0x96  Code  Gb  device_info.o [1]
Region$$Table$$Base     0x00a5f8          --   Gb  - Linker created -
Region$$Table$$Limit    0x00a60c          --   Gb  - Linker created -
SPI_IRQHandler          0x00a96b    0x1  Code  Gb  stm8s_it.o [1]
Stop                    0x000013    0x5  Data  Lc  uart2.o [1]
TIM1_CAP_COM_IRQHandler
                        0x00a96d    0x1  Code  Gb  stm8s_it.o [1]
TIM1_UPD_OVF_TRG_BRK_IRQHandler
                        0x00a96c    0x1  Code  Gb  stm8s_it.o [1]
TIM2_CAP_COM_IRQHandler
                        0x00a96f    0x1  Code  Gb  stm8s_it.o [1]
TIM2_UPD_OVF_BRK_IRQHandler
                        0x00a96e    0x1  Code  Gb  stm8s_it.o [1]
TIM3_CAP_COM_IRQHandler
                        0x00a971    0x1  Code  Gb  stm8s_it.o [1]
TIM3_UPD_OVF_BRK_IRQHandler
                        0x00a970    0x1  Code  Gb  stm8s_it.o [1]
TIM4_ClearFlag          0x00a529   0x24  Code  Gb  stm8s_tim4.o [1]
TIM4_ClearITPendingBit  0x00a54d   0x24  Code  Gb  stm8s_tim4.o [1]
TIM4_Cmd                0x00a234   0x30  Code  Gb  stm8s_tim4.o [1]
TIM4_Config             0x00a5b6   0x21  Code  Gb  tim4.o [1]
TIM4_ITConfig           0x009bb5   0x52  Code  Gb  stm8s_tim4.o [1]
TIM4_TimeBaseInit       0x009b61   0x54  Code  Gb  stm8s_tim4.o [1]
TIM4_UPD_OVF_IRQHandler
                        0x009ddb   0x4c  Code  Gb  stm8s_it.o [1]
TIM4_UPD_OVF_IRQHandler::div
                        0x000120    0x1  Data  Lc  stm8s_it.o [1]
TLI_IRQHandler          0x00a963    0x1  Code  Gb  stm8s_it.o [1]
TRAP_IRQHandler         0x00a962    0x1  Code  Gb  stm8s_it.o [1]
TimingDelay             0x000110    0x4  Data  Gb  tim4.o [1]
TimingDelay_Decrement   0x00a41a   0x28  Code  Gb  tim4.o [1]
UART2_ClearITPendingBit
                        0x009e27   0x4c  Code  Gb  stm8s_uart2.o [1]
UART2_Cmd               0x00a80a    0xe  Code  Gb  stm8s_uart2.o [1]
UART2_DeInit            0x00a379   0x29  Code  Gb  stm8s_uart2.o [1]
UART2_GetFlagStatus     0x0091f9   0xdd  Code  Gb  stm8s_uart2.o [1]
UART2_GetITStatus       0x008fef  0x111  Code  Gb  stm8s_uart2.o [1]
UART2_ITConfig          0x009100   0xf9  Code  Gb  stm8s_uart2.o [1]
UART2_Init              0x00848b  0x253  Code  Gb  stm8s_uart2.o [1]
UART2_RX_IRQHandler     0x00981d   0x63  Code  Gb  stm8s_it.o [1]
UART2_ReceiveData8      0x00a945    0x4  Code  Gb  stm8s_uart2.o [1]
UART2_SendData8         0x00a949    0x4  Code  Gb  stm8s_uart2.o [1]
UART2_TX_IRQHandler     0x00a973    0x1  Code  Gb  stm8s_it.o [1]
Uart2_InitSetPar        0x009d41   0x4d  Code  Gb  uart2.o [1]
Uart2_SendStr           0x00a442   0x28  Code  Gb  uart2.o [1]
Uart2_SendStrLen        0x00a16b   0x34  Code  Gb  uart2.o [1]
Uart_Driver             0x008b72  0x13c  Code  Gb  uart2.o [1]
Uart_Monitor            0x0099a2   0x5f  Code  Gb  uart2.o [1]
_LitobSmallNoMb         0x0089f1  0x181  Code  Lc  xprintfsmall_nomb.o [4]
_PrintfSmallNoMb        0x008080  0x40b  Code  Gb  xprintfsmall_nomb.o [4]
_Prout                  0x00a64c   0x1f  Code  Gb  xprout.o [4]
_PutcharSmallNoMb       0x00a2f2   0x2e  Code  Lc  xprintfsmall_nomb.o [4]
_PutcharsSmallNoMb      0x00a049   0x3e  Code  Lc  xprintfsmall_nomb.o [4]
_SProut                 0x00a875    0xb  Code  Gb  xsprout.o [4]
__DebugBreak            0x00a976    0x1  Code  Gb  __dbg_break.o [3]
__exit                  0x00a7a9   0x16  Code  Gb  __dbg_xxexit.o [3]
__iar_Memchr            0x00a5d7   0x21  Code  Gb  memchr.o [4]
__iar_Stdout            0x000018   0x28  Data  Gb  xfiles.o [4]
__iar_Strchr            0x00a7d4   0x15  Code  Gb  strchr.o [4]
__iar_Strstr            0x009942   0x60  Code  Gb  strstr.o [4]
__iar_copy_init2        0x00a492         Code  Gb  init_small.o [4]
__iar_data_init2        0x00a66b   0x1e  Code  Gb  init.o [4]
__iar_program_start     0x00a766         Code  Gb  cstartup.o [4]
__iar_unhandled_exception
                        0x00a95c         Code  Gb  unhandled_exception.o [4]
__iar_zero_init2        0x00a689         Code  Gb  init_small.o [4]
__intvec                0x008000         Data  Gb  interrupt.o [4]
__low_level_init        0x00a959    0x3  Code  Gb  low_level_init.o [4]
_exit                   0x00a933         Code  Gb  cexit.o [4]
_interrupt_1            0x00a962         Code  Gb  stm8s_it.o [1]
_interrupt_12           0x00a96b         Code  Gb  stm8s_it.o [1]
_interrupt_13           0x00a96c         Code  Gb  stm8s_it.o [1]
_interrupt_14           0x00a96d         Code  Gb  stm8s_it.o [1]
_interrupt_15           0x00a96e         Code  Gb  stm8s_it.o [1]
_interrupt_16           0x00a96f         Code  Gb  stm8s_it.o [1]
_interrupt_17           0x00a970         Code  Gb  stm8s_it.o [1]
_interrupt_18           0x00a971         Code  Gb  stm8s_it.o [1]
_interrupt_2            0x00a963         Code  Gb  stm8s_it.o [1]
_interrupt_21           0x00a972         Code  Gb  stm8s_it.o [1]
_interrupt_22           0x00a973         Code  Gb  stm8s_it.o [1]
_interrupt_23           0x00981d         Code  Gb  stm8s_it.o [1]
_interrupt_24           0x00a974         Code  Gb  stm8s_it.o [1]
_interrupt_25           0x009ddb         Code  Gb  stm8s_it.o [1]
_interrupt_26           0x00a975         Code  Gb  stm8s_it.o [1]
_interrupt_3            0x00a964         Code  Gb  stm8s_it.o [1]
_interrupt_4            0x00a965         Code  Gb  stm8s_it.o [1]
_interrupt_5            0x00a966         Code  Gb  stm8s_it.o [1]
_interrupt_6            0x00a967         Code  Gb  stm8s_it.o [1]
_interrupt_7            0x00a968         Code  Gb  stm8s_it.o [1]
_interrupt_8            0x00a969         Code  Gb  stm8s_it.o [1]
_interrupt_9            0x00a96a         Code  Gb  stm8s_it.o [1]
action_flag             0x00011c    0x2  Data  Gb  uart2.o [1]
assert_failed           0x00a595   0x21  Code  Gb  main.o [1]
data_uart2              0x0000ca   0x37  Data  Gb  uart2.o [1]
dev_info                0x000101    0xf  Data  Gb  device_info.o [1]
exit                    0x00a951    0x4  Code  Gb  exit.o [4]
fputc                   0x00a62c   0x20  Code  Gb  uart2.o [1]
main                    0x009a01   0x5e  Code  Gb  main.o [1]
memcmp                  0x00a264   0x30  Code  Gb  memcmp.o [4]
memset                  0x00a793   0x16  Code  Gb  memset.o [4]
obuf                    0x000040   0x50  Data  Lc  xfiles.o [4]
pad                     0x00a087   0x3d  Code  Lc  xprintfsmall_nomb.o [4]
printf                  0x00a571   0x24  Code  Gb  printf.o [4]
putchar                 0x00a901    0x8  Code  Gb  putchar.o [4]
sprintf                 0x009f49   0x44  Code  Gb  sprintf.o [4]
strlen                  0x00a850    0xd  Code  Gb  strlen.o [4]
strncmp                 0x00a136   0x35  Code  Gb  strncmp.o [4]
strstr                  0x00a77d   0x16  Code  Gb  bluetooth.o [1]


[1] = H:\SiShengShiyanJidi\13_bleBreak_645\stm8s005_template\EWARM\Debug\Obj
[2] = command line
[3] = dbgstm8mmd.a
[4] = dlstm8mmf.a

  9 722 bytes of readonly  code memory
    893 bytes of readonly  data memory
    801 bytes of readwrite data memory

Errors: none
Warnings: none
